Component: ARM Compiler 5.06 update 7 (build 960) Tool: armlink [4d3601]

==============================================================================

Section Cross References

    startup_stm32f411xe.o(RESET) refers to startup_stm32f411xe.o(STACK) for __initial_sp
    startup_stm32f411xe.o(RESET) refers to startup_stm32f411xe.o(.text) for Reset_Handler
    startup_stm32f411xe.o(RESET) refers to stm32f4xx_it.o(i.NMI_Handler) for NMI_Handler
    startup_stm32f411xe.o(RESET) refers to stm32f4xx_it.o(i.HardFault_Handler) for HardFault_Handler
    startup_stm32f411xe.o(RESET) refers to stm32f4xx_it.o(i.MemManage_Handler) for MemManage_Handler
    startup_stm32f411xe.o(RESET) refers to stm32f4xx_it.o(i.BusFault_Handler) for BusFault_Handler
    startup_stm32f411xe.o(RESET) refers to stm32f4xx_it.o(i.UsageFault_Handler) for UsageFault_Handler
    startup_stm32f411xe.o(RESET) refers to stm32f4xx_it.o(i.SVC_Handler) for SVC_Handler
    startup_stm32f411xe.o(RESET) refers to stm32f4xx_it.o(i.DebugMon_Handler) for DebugMon_Handler
    startup_stm32f411xe.o(RESET) refers to stm32f4xx_it.o(i.PendSV_Handler) for PendSV_Handler
    startup_stm32f411xe.o(RESET) refers to stm32f4xx_it.o(i.SysTick_Handler) for SysTick_Handler
    startup_stm32f411xe.o(RESET) refers to stm32f4xx_it.o(i.OTG_FS_IRQHandler) for OTG_FS_IRQHandler
    startup_stm32f411xe.o(.text) refers to system_stm32f4xx.o(i.SystemInit) for SystemInit
    startup_stm32f411xe.o(.text) refers to entry.o(.ARM.Collect$$$$00000000) for __main
    main.o(i.SystemClock_Config) refers to memseta.o(.text) for __aeabi_memclr4
    main.o(i.SystemClock_Config) refers to stm32f4xx_hal_rcc.o(i.HAL_RCC_OscConfig) for HAL_RCC_OscConfig
    main.o(i.SystemClock_Config) refers to stm32f4xx_hal_rcc.o(i.HAL_RCC_ClockConfig) for HAL_RCC_ClockConfig
    main.o(i.main) refers to stm32f4xx_hal.o(i.HAL_Init) for HAL_Init
    main.o(i.main) refers to main.o(i.SystemClock_Config) for SystemClock_Config
    main.o(i.main) refers to gpio.o(i.MX_GPIO_Init) for MX_GPIO_Init
    main.o(i.main) refers to i2c.o(i.MX_I2C1_Init) for MX_I2C1_Init
    main.o(i.main) refers to usb_device.o(i.MX_USB_DEVICE_Init) for MX_USB_DEVICE_Init
    main.o(i.main) refers to board.o(i.board_button_init) for board_button_init
    main.o(i.main) refers to board.o(i.board_led_init) for board_led_init
    main.o(i.main) refers to aht.o(i.aht_init) for aht_init
    main.o(i.main) refers to stm32f4xx_hal.o(i.HAL_GetTick) for HAL_GetTick
    main.o(i.main) refers to aht.o(i.aht_run_loop) for aht_run_loop
    main.o(i.main) refers to board.o(i.board_led_toggle) for board_led_toggle
    main.o(i.main) refers to aht.o(i.aht_get_humidness) for aht_get_humidness
    main.o(i.main) refers to aht.o(i.aht_get_temperature) for aht_get_temperature
    main.o(i.main) refers to printf6.o(i.__0sprintf$6) for __2sprintf
    main.o(i.main) refers to usbd_cdc_if.o(i.CDC_Transmit_FS) for CDC_Transmit_FS
    i2c.o(i.HAL_I2C_MspDeInit) refers to stm32f4xx_hal_gpio.o(i.HAL_GPIO_DeInit) for HAL_GPIO_DeInit
    i2c.o(i.HAL_I2C_MspInit) refers to memseta.o(.text) for __aeabi_memclr4
    i2c.o(i.HAL_I2C_MspInit) refers to stm32f4xx_hal_gpio.o(i.HAL_GPIO_Init) for HAL_GPIO_Init
    i2c.o(i.MX_I2C1_Init) refers to stm32f4xx_hal_i2c.o(i.HAL_I2C_Init) for HAL_I2C_Init
    i2c.o(i.MX_I2C1_Init) refers to main.o(i.Error_Handler) for Error_Handler
    i2c.o(i.MX_I2C1_Init) refers to i2c.o(.bss) for .bss
    stm32f4xx_it.o(i.OTG_FS_IRQHandler) refers to stm32f4xx_hal_pcd.o(i.HAL_PCD_IRQHandler) for HAL_PCD_IRQHandler
    stm32f4xx_it.o(i.OTG_FS_IRQHandler) refers to usbd_conf.o(.bss) for hpcd_USB_OTG_FS
    stm32f4xx_it.o(i.SysTick_Handler) refers to stm32f4xx_hal.o(i.HAL_IncTick) for HAL_IncTick
    usb_device.o(i.MX_USB_DEVICE_Init) refers to usbd_core.o(i.USBD_Init) for USBD_Init
    usb_device.o(i.MX_USB_DEVICE_Init) refers to main.o(i.Error_Handler) for Error_Handler
    usb_device.o(i.MX_USB_DEVICE_Init) refers to usbd_core.o(i.USBD_RegisterClass) for USBD_RegisterClass
    usb_device.o(i.MX_USB_DEVICE_Init) refers to usbd_cdc.o(i.USBD_CDC_RegisterInterface) for USBD_CDC_RegisterInterface
    usb_device.o(i.MX_USB_DEVICE_Init) refers to usbd_core.o(i.USBD_Start) for USBD_Start
    usb_device.o(i.MX_USB_DEVICE_Init) refers to usbd_desc.o(.data) for FS_Desc
    usb_device.o(i.MX_USB_DEVICE_Init) refers to usb_device.o(.bss) for .bss
    usb_device.o(i.MX_USB_DEVICE_Init) refers to usbd_cdc.o(.data) for USBD_CDC
    usb_device.o(i.MX_USB_DEVICE_Init) refers to usbd_cdc_if.o(.data) for USBD_Interface_fops_FS
    usbd_desc.o(i.USBD_FS_ConfigStrDescriptor) refers to usbd_ctlreq.o(i.USBD_GetString) for USBD_GetString
    usbd_desc.o(i.USBD_FS_ConfigStrDescriptor) refers to usbd_desc.o(.bss) for .bss
    usbd_desc.o(i.USBD_FS_DeviceDescriptor) refers to usbd_desc.o(.data) for .data
    usbd_desc.o(i.USBD_FS_InterfaceStrDescriptor) refers to usbd_ctlreq.o(i.USBD_GetString) for USBD_GetString
[...]
    i.HAL_I2C_MspInit                        0x08000bd4   Section        0  i2c.o(i.HAL_I2C_MspInit)
    i.HAL_IncTick                            0x08000c3c   Section        0  stm32f4xx_hal.o(i.HAL_IncTick)
    i.HAL_Init                               0x08000c4c   Section        0  stm32f4xx_hal.o(i.HAL_Init)
    i.HAL_InitTick                           0x08000c80   Section        0  stm32f4xx_hal.o(i.HAL_InitTick)
    i.HAL_MspInit                            0x08000cc0   Section        0  stm32f4xx_hal_msp.o(i.HAL_MspInit)
    i.HAL_NVIC_EnableIRQ                     0x08000cf0   Section        0  stm32f4xx_hal_cortex.o(i.HAL_NVIC_EnableIRQ)
    i.HAL_NVIC_SetPriority                   0x08000d0c   Section        0  stm32f4xx_hal_cortex.o(i.HAL_NVIC_SetPriority)
    i.HAL_NVIC_SetPriorityGrouping           0x08000d4c   Section        0  stm32f4xx_hal_cortex.o(i.HAL_NVIC_SetPriorityGrouping)
    i.HAL_PCDEx_LPM_Callback                 0x08000d70   Section        0  stm32f4xx_hal_pcd_ex.o(i.HAL_PCDEx_LPM_Callback)
    i.HAL_PCDEx_SetRxFiFo                    0x08000d72   Section        0  stm32f4xx_hal_pcd_ex.o(i.HAL_PCDEx_SetRxFiFo)
    i.HAL_PCDEx_SetTxFiFo                    0x08000d7a   Section        0  stm32f4xx_hal_pcd_ex.o(i.HAL_PCDEx_SetTxFiFo)
    i.HAL_PCD_ConnectCallback                0x08000dbe   Section        0  usbd_conf.o(i.HAL_PCD_ConnectCallback)
    i.HAL_PCD_DataInStageCallback            0x08000dc6   Section        0  usbd_conf.o(i.HAL_PCD_DataInStageCallback)
    i.HAL_PCD_DataOutStageCallback           0x08000dd8   Section        0  usbd_conf.o(i.HAL_PCD_DataOutStageCallback)
    i.HAL_PCD_DisconnectCallback             0x08000dec   Section        0  usbd_conf.o(i.HAL_PCD_DisconnectCallback)
    i.HAL_PCD_EP_Abort                       0x08000df4   Section        0  stm32f4xx_hal_pcd.o(i.HAL_PCD_EP_Abort)
    i.HAL_PCD_EP_Close                       0x08000e12   Section        0  stm32f4xx_hal_pcd.o(i.HAL_PCD_EP_Close)
    i.HAL_PCD_EP_ClrStall                    0x08000e5c   Section        0  stm32f4xx_hal_pcd.o(i.HAL_PCD_EP_ClrStall)
    i.HAL_PCD_EP_GetRxCount                  0x08000eb6   Section        0  stm32f4xx_hal_pcd.o(i.HAL_PCD_EP_GetRxCount)
    i.HAL_PCD_EP_Open                        0x08000ec8   Section        0  stm32f4xx_hal_pcd.o(i.HAL_PCD_EP_Open)
    i.HAL_PCD_EP_Receive                     0x08000f26   Section        0  stm32f4xx_hal_pcd.o(i.HAL_PCD_EP_Receive)
    i.HAL_PCD_EP_SetStall                    0x08000f5e   Section        0  stm32f4xx_hal_pcd.o(i.HAL_PCD_EP_SetStall)
    i.HAL_PCD_EP_Transmit                    0x08000fd0   Section        0  stm32f4xx_hal_pcd.o(i.HAL_PCD_EP_Transmit)
    i.HAL_PCD_IRQHandler                     0x08001004   Section        0  stm32f4xx_hal_pcd.o(i.HAL_PCD_IRQHandler)
    i.HAL_PCD_ISOINIncompleteCallback        0x08001560   Section        0  usbd_conf.o(i.HAL_PCD_ISOINIncompleteCallback)
    i.HAL_PCD_ISOOUTIncompleteCallback       0x08001568   Section        0  usbd_conf.o(i.HAL_PCD_ISOOUTIncompleteCallback)
    i.HAL_PCD_Init                           0x08001570   Section        0  stm32f4xx_hal_pcd.o(i.HAL_PCD_Init)
    i.HAL_PCD_MspInit                        0x0800163c   Section        0  usbd_conf.o(i.HAL_PCD_MspInit)
    i.HAL_PCD_ResetCallback                  0x080016c0   Section        0  usbd_conf.o(i.HAL_PCD_ResetCallback)
    i.HAL_PCD_ResumeCallback                 0x080016e6   Section        0  usbd_conf.o(i.HAL_PCD_ResumeCallback)
    i.HAL_PCD_SOFCallback                    0x080016ee   Section        0  usbd_conf.o(i.HAL_PCD_SOFCallback)
    i.HAL_PCD_SetAddress                     0x080016f6   Section        0  stm32f4xx_hal_pcd.o(i.HAL_PCD_SetAddress)
    i.HAL_PCD_SetupStageCallback             0x0800171c   Section        0  usbd_conf.o(i.HAL_PCD_SetupStageCallback)
    i.HAL_PCD_Start                          0x0800172a   Section        0  stm32f4xx_hal_pcd.o(i.HAL_PCD_Start)
    i.HAL_PCD_SuspendCallback                0x0800176c   Section        0  usbd_conf.o(i.HAL_PCD_SuspendCallback)
    i.HAL_RCC_ClockConfig                    0x0800179c   Section        0  stm32f4xx_hal_rcc.o(i.HAL_RCC_ClockConfig)
    i.HAL_RCC_GetHCLKFreq                    0x080018d0   Section        0  stm32f4xx_hal_rcc.o(i.HAL_RCC_GetHCLKFreq)
    i.HAL_RCC_GetPCLK1Freq                   0x080018dc   Section        0  stm32f4xx_hal_rcc.o(i.HAL_RCC_GetPCLK1Freq)
    i.HAL_RCC_GetSysClockFreq                0x080018fc   Section        0  stm32f4xx_hal_rcc.o(i.HAL_RCC_GetSysClockFreq)
    i.HAL_RCC_OscConfig                      0x08001960   Section        0  stm32f4xx_hal_rcc.o(i.HAL_RCC_OscConfig)
    i.HAL_SYSTICK_Config                     0x08001ccc   Section        0  stm32f4xx_hal_cortex.o(i.HAL_SYSTICK_Config)
    i.HardFault_Handler                      0x08001cf4   Section        0  stm32f4xx_it.o(i.HardFault_Handler)
    i.I2C_Error_Check                        0x08001cf8   Section        0  aht.o(i.I2C_Error_Check)
    I2C_Error_Check                          0x08001cf9   Thumb Code    94  aht.o(i.I2C_Error_Check)
    i.I2C_IsAcknowledgeFailed                0x08001d60   Section        0  stm32f4xx_hal_i2c.o(i.I2C_IsAcknowledgeFailed)
    I2C_IsAcknowledgeFailed                  0x08001d61   Thumb Code    46  stm32f4xx_hal_i2c.o(i.I2C_IsAcknowledgeFailed)
    i.I2C_MasterRequestRead                  0x08001d90   Section        0  stm32f4xx_hal_i2c.o(i.I2C_MasterRequestRead)
    I2C_MasterRequestRead                    0x08001d91   Thumb Code   230  stm32f4xx_hal_i2c.o(i.I2C_MasterRequestRead)
    i.I2C_RequestMemoryWrite                 0x08001e7c   Section        0  stm32f4xx_hal_i2c.o(i.I2C_RequestMemoryWrite)
    I2C_RequestMemoryWrite                   0x08001e7d   Thumb Code   162  stm32f4xx_hal_i2c.o(i.I2C_RequestMemoryWrite)
    i.I2C_WaitOnBTFFlagUntilTimeout          0x08001f24   Section        0  stm32f4xx_hal_i2c.o(i.I2C_WaitOnBTFFlagUntilTimeout)
    I2C_WaitOnBTFFlagUntilTimeout            0x08001f25   Thumb Code    86  stm32f4xx_hal_i2c.o(i.I2C_WaitOnBTFFlagUntilTimeout)
    i.I2C_WaitOnFlagUntilTimeout             0x08001f7c   Section        0  stm32f4xx_hal_i2c.o(i.I2C_WaitOnFlagUntilTimeout)
    I2C_WaitOnFlagUntilTimeout               0x08001f7d   Thumb Code   144  stm32f4xx_hal_i2c.o(i.I2C_WaitOnFlagUntilTimeout)
    i.I2C_WaitOnMasterAddressFlagUntilTimeout 0x0800200c   Section        0  stm32f4xx_hal_i2c.o(i.I2C_WaitOnMasterAddressFlagUntilTimeout)
    I2C_WaitOnMasterAddressFlagUntilTimeout  0x0800200d   Thumb Code   188  stm32f4xx_hal_i2c.o(i.I2C_WaitOnMasterAddressFlagUntilTimeout)
    i.I2C_WaitOnRXNEFlagUntilTimeout         0x080020c8   Section        0  stm32f4xx_hal_i2c.o(i.I2C_WaitOnRXNEFlagUntilTimeout)
    I2C_WaitOnRXNEFlagUntilTimeout           0x080020c9   Thumb Code   112  stm32f4xx_hal_i2c.o(i.I2C_WaitOnRXNEFlagUntilTimeout)
    i.I2C_WaitOnTXEFlagUntilTimeout          0x08002138   Section        0  stm32f4xx_hal_i2c.o(i.I2C_WaitOnTXEFlagUntilTimeout)
    I2C_WaitOnTXEFlagUntilTimeout            0x08002139   Thumb Code    86  stm32f4xx_hal_i2c.o(i.I2C_WaitOnTXEFlagUntilTimeout)
    i.IntToUnicode                           0x08002190   Section        0  usbd_desc.o(i.IntToUnicode)
    IntToUnicode                             0x08002191   Thumb Code    56  usbd_desc.o(i.IntToUnicode)
    i.MX_GPIO_Init                           0x080021c8   Section        0  gpio.o(i.MX_GPIO_Init)
    i.MX_I2C1_Init                           0x08002204   Section        0  i2c.o(i.MX_I2C1_Init)
    i.MX_USB_DEVICE_Init                     0x08002244   Section        0  usb_device.o(i.MX_USB_DEVICE_Init)
    i.MemManage_Handler                      0x08002298   Section        0  stm32f4xx_it.o(i.MemManage_Handler)
    i.NMI_Handler                            0x0800229a   Section        0  stm32f4xx_it.o(i.NMI_Handler)
    i.OTG_FS_IRQHandler                      0x0800229c   Section        0  stm32f4xx_it.o(i.OTG_FS_IRQHandler)
    i.PCD_EP_OutXfrComplete_int              0x080022a8   Section        0  stm32f4xx_hal_pcd.o(i.PCD_EP_OutXfrComplete_int)
    PCD_EP_OutXfrComplete_int                0x080022a9   Thumb Code   196  stm32f4xx_hal_pcd.o(i.PCD_EP_OutXfrComplete_int)
    i.PCD_WriteEmptyTxFifo                   0x08002374   Section        0  stm32f4xx_hal_pcd.o(i.PCD_WriteEmptyTxFifo)
    PCD_WriteEmptyTxFifo                     0x08002375   Thumb Code   162  stm32f4xx_hal_pcd.o(i.PCD_WriteEmptyTxFifo)
    i.PendSV_Handler                         0x08002416   Section        0  stm32f4xx_it.o(i.PendSV_Handler)
    i.SVC_Handler                            0x08002418   Section        0  stm32f4xx_it.o(i.SVC_Handler)
    i.SWAPBYTE                               0x0800241a   Section        0  usbd_ctlreq.o(i.SWAPBYTE)
    SWAPBYTE                                 0x0800241b   Thumb Code    10  usbd_ctlreq.o(i.SWAPBYTE)
    i.SysTick_Handler                        0x08002424   Section        0  stm32f4xx_it.o(i.SysTick_Handler)
    i.SystemClock_Config                     0x08002428   Section        0  main.o(i.SystemClock_Config)
    i.SystemInit                             0x080024b8   Section        0  system_stm32f4xx.o(i.SystemInit)
    i.USBD_CDC_DataIn                        0x080024c8   Section        0  usbd_cdc.o(i.USBD_CDC_DataIn)
    USBD_CDC_DataIn                          0x080024c9   Thumb Code   118  usbd_cdc.o(i.USBD_CDC_DataIn)
    i.USBD_CDC_DataOut                       0x0800253e   Section        0  usbd_cdc.o(i.USBD_CDC_DataOut)
    USBD_CDC_DataOut                         0x0800253f   Thumb Code    60  usbd_cdc.o(i.USBD_CDC_DataOut)
    i.USBD_CDC_DeInit                        0x0800257c   Section        0  usbd_cdc.o(i.USBD_CDC_DeInit)
    USBD_CDC_DeInit                          0x0800257d   Thumb Code   140  usbd_cdc.o(i.USBD_CDC_DeInit)
    i.USBD_CDC_EP0_RxReady                   0x0800260c   Section        0  usbd_cdc.o(i.USBD_CDC_EP0_RxReady)
    USBD_CDC_EP0_RxReady                     0x0800260d   Thumb Code    54  usbd_cdc.o(i.USBD_CDC_EP0_RxReady)
    i.USBD_CDC_GetDeviceQualifierDescriptor  0x08002644   Section        0  usbd_cdc.o(i.USBD_CDC_GetDeviceQualifierDescriptor)
    i.USBD_CDC_GetFSCfgDesc                  0x08002650   Section        0  usbd_cdc.o(i.USBD_CDC_GetFSCfgDesc)
    USBD_CDC_GetFSCfgDesc                    0x08002651   Thumb Code    56  usbd_cdc.o(i.USBD_CDC_GetFSCfgDesc)
    i.USBD_CDC_GetHSCfgDesc                  0x0800268c   Section        0  usbd_cdc.o(i.USBD_CDC_GetHSCfgDesc)
    USBD_CDC_GetHSCfgDesc                    0x0800268d   Thumb Code    58  usbd_cdc.o(i.USBD_CDC_GetHSCfgDesc)
    i.USBD_CDC_GetOtherSpeedCfgDesc          0x080026cc   Section        0  usbd_cdc.o(i.USBD_CDC_GetOtherSpeedCfgDesc)
    USBD_CDC_GetOtherSpeedCfgDesc            0x080026cd   Thumb Code    56  usbd_cdc.o(i.USBD_CDC_GetOtherSpeedCfgDesc)
    i.USBD_CDC_Init                          0x08002708   Section        0  usbd_cdc.o(i.USBD_CDC_Init)
    USBD_CDC_Init                            0x08002709   Thumb Code   276  usbd_cdc.o(i.USBD_CDC_Init)
    i.USBD_CDC_ReceivePacket                 0x08002820   Section        0  usbd_cdc.o(i.USBD_CDC_ReceivePacket)
    i.USBD_CDC_RegisterInterface             0x08002858   Section        0  usbd_cdc.o(i.USBD_CDC_RegisterInterface)
    i.USBD_CDC_SetRxBuffer                   0x0800286e   Section        0  usbd_cdc.o(i.USBD_CDC_SetRxBuffer)
    i.USBD_CDC_SetTxBuffer                   0x08002888   Section        0  usbd_cdc.o(i.USBD_CDC_SetTxBuffer)
    i.USBD_CDC_Setup                         0x080028a6   Section        0  usbd_cdc.o(i.USBD_CDC_Setup)
    USBD_CDC_Setup                           0x080028a7   Thumb Code   212  usbd_cdc.o(i.USBD_CDC_Setup)
    i.USBD_CDC_TransmitPacket                0x0800297c   Section        0  usbd_cdc.o(i.USBD_CDC_TransmitPacket)
    i.USBD_ClrClassConfig                    0x080029cc   Section        0  usbd_core.o(i.USBD_ClrClassConfig)
    i.USBD_CoreFindEP                        0x080029e0   Section        0  usbd_core.o(i.USBD_CoreFindEP)
    i.USBD_CoreFindIF                        0x080029e4   Section        0  usbd_core.o(i.USBD_CoreFindIF)
    i.USBD_CtlContinueRx                     0x080029e8   Section        0  usbd_ioreq.o(i.USBD_CtlContinueRx)
    i.USBD_CtlContinueSendData               0x080029f8   Section        0  usbd_ioreq.o(i.USBD_CtlContinueSendData)
    i.USBD_CtlError                          0x08002a08   Section        0  usbd_ctlreq.o(i.USBD_CtlError)
    i.USBD_CtlPrepareRx                      0x08002a1e   Section        0  usbd_ioreq.o(i.USBD_CtlPrepareRx)
    i.USBD_CtlReceiveStatus                  0x08002a3c   Section        0  usbd_ioreq.o(i.USBD_CtlReceiveStatus)
    i.USBD_CtlSendData                       0x08002a52   Section        0  usbd_ioreq.o(i.USBD_CtlSendData)
    i.USBD_CtlSendStatus                     0x08002a6c   Section        0  usbd_ioreq.o(i.USBD_CtlSendStatus)
    i.USBD_FS_ConfigStrDescriptor            0x08002a84   Section        0  usbd_desc.o(i.USBD_FS_ConfigStrDescriptor)
    i.USBD_FS_DeviceDescriptor               0x08002aa4   Section        0  usbd_desc.o(i.USBD_FS_DeviceDescriptor)
    i.USBD_FS_InterfaceStrDescriptor         0x08002ab0   Section        0  usbd_desc.o(i.USBD_FS_InterfaceStrDescriptor)
    i.USBD_FS_LangIDStrDescriptor            0x08002ad4   Section        0  usbd_desc.o(i.USBD_FS_LangIDStrDescriptor)
    i.USBD_FS_ManufacturerStrDescriptor      0x08002ae0   Section        0  usbd_desc.o(i.USBD_FS_ManufacturerStrDescriptor)
    i.USBD_FS_ProductStrDescriptor           0x08002b08   Section        0  usbd_desc.o(i.USBD_FS_ProductStrDescriptor)
    i.USBD_FS_SerialStrDescriptor            0x08002b34   Section        0  usbd_desc.o(i.USBD_FS_SerialStrDescriptor)
    i.USBD_GetDescriptor                     0x08002b6c   Section        0  usbd_ctlreq.o(i.USBD_GetDescriptor)
    USBD_GetDescriptor                       0x08002b6d   Thumb Code   230  usbd_ctlreq.o(i.USBD_GetDescriptor)
    i.USBD_GetEpDesc                         0x08002c52   Section        0  usbd_core.o(i.USBD_GetEpDesc)
    i.USBD_GetNextDesc                       0x08002c8c   Section        0  usbd_core.o(i.USBD_GetNextDesc)
    i.USBD_GetString                         0x08002c9a   Section        0  usbd_ctlreq.o(i.USBD_GetString)
    i.USBD_Get_USB_Status                    0x08002ce2   Section        0  usbd_conf.o(i.USBD_Get_USB_Status)
    i.USBD_Init                              0x08002cfa   Section        0  usbd_core.o(i.USBD_Init)
    i.USBD_LL_ClearStallEP                   0x08002d20   Section        0  usbd_conf.o(i.USBD_LL_ClearStallEP)
    i.USBD_LL_CloseEP                        0x08002d32   Section        0  usbd_conf.o(i.USBD_LL_CloseEP)
    i.USBD_LL_DataInStage                    0x08002d44   Section        0  usbd_core.o(i.USBD_LL_DataInStage)
    i.USBD_LL_DataOutStage                   0x08002dfa   Section        0  usbd_core.o(i.USBD_LL_DataOutStage)
    i.USBD_LL_DevConnected                   0x08002e88   Section        0  usbd_core.o(i.USBD_LL_DevConnected)
    i.USBD_LL_DevDisconnected                0x08002e8c   Section        0  usbd_core.o(i.USBD_LL_DevDisconnected)
    i.USBD_LL_GetRxDataSize                  0x08002eaa   Section        0  usbd_conf.o(i.USBD_LL_GetRxDataSize)
    i.USBD_LL_Init                           0x08002eb4   Section        0  usbd_conf.o(i.USBD_LL_Init)
    i.USBD_LL_IsStallEP                      0x08002f14   Section        0  usbd_conf.o(i.USBD_LL_IsStallEP)
    i.USBD_LL_IsoINIncomplete                0x08002f32   Section        0  usbd_core.o(i.USBD_LL_IsoINIncomplete)
    i.USBD_LL_IsoOUTIncomplete               0x08002f5a   Section        0  usbd_core.o(i.USBD_LL_IsoOUTIncomplete)
    i.USBD_LL_OpenEP                         0x08002f82   Section        0  usbd_conf.o(i.USBD_LL_OpenEP)
    i.USBD_LL_PrepareReceive                 0x08002f9a   Section        0  usbd_conf.o(i.USBD_LL_PrepareReceive)
    i.USBD_LL_Reset                          0x08002fac   Section        0  usbd_core.o(i.USBD_LL_Reset)
    i.USBD_LL_Resume                         0x08003008   Section        0  usbd_core.o(i.USBD_LL_Resume)
    i.USBD_LL_SOF                            0x0800301c   Section        0  usbd_core.o(i.USBD_LL_SOF)
    i.USBD_LL_SetSpeed                       0x08003036   Section        0  usbd_core.o(i.USBD_LL_SetSpeed)
    i.USBD_LL_SetUSBAddress                  0x0800303c   Section        0  usbd_conf.o(i.USBD_LL_SetUSBAddress)
    i.USBD_LL_SetupStage                     0x0800304e   Section        0  usbd_core.o(i.USBD_LL_SetupStage)
    i.USBD_LL_StallEP                        0x080030ae   Section        0  usbd_conf.o(i.USBD_LL_StallEP)
    i.USBD_LL_Start                          0x080030c0   Section        0  usbd_conf.o(i.USBD_LL_Start)
    i.USBD_LL_Suspend                        0x080030d2   Section        0  usbd_core.o(i.USBD_LL_Suspend)
    i.USBD_LL_Transmit                       0x080030ec   Section        0  usbd_conf.o(i.USBD_LL_Transmit)
    i.USBD_ParseSetupRequest                 0x080030fe   Section        0  usbd_ctlreq.o(i.USBD_ParseSetupRequest)
    i.USBD_RegisterClass                     0x0800312a   Section        0  usbd_core.o(i.USBD_RegisterClass)
    i.USBD_SetClassConfig                    0x08003164   Section        0  usbd_core.o(i.USBD_SetClassConfig)
    i.USBD_SetConfig                         0x08003178   Section        0  usbd_ctlreq.o(i.USBD_SetConfig)
    USBD_SetConfig                           0x08003179   Thumb Code   180  usbd_ctlreq.o(i.USBD_SetConfig)
    i.USBD_Start                             0x08003230   Section        0  usbd_core.o(i.USBD_Start)
    i.USBD_StdDevReq                         0x08003234   Section        0  usbd_ctlreq.o(i.USBD_StdDevReq)
    i.USBD_StdEPReq                          0x08003360   Section        0  usbd_ctlreq.o(i.USBD_StdEPReq)
    i.USBD_StdItfReq                         0x080034c0   Section        0  usbd_ctlreq.o(i.USBD_StdItfReq)
    i.USBD_static_free                       0x08003532   Section        0  usbd_conf.o(i.USBD_static_free)
    i.USBD_static_malloc                     0x08003534   Section        0  usbd_conf.o(i.USBD_static_malloc)
    i.USB_ActivateEndpoint                   0x0800353c   Section        0  stm32f4xx_ll_usb.o(i.USB_ActivateEndpoint)
    i.USB_ActivateSetup                      0x080035bc   Section        0  stm32f4xx_ll_usb.o(i.USB_ActivateSetup)
    i.USB_CoreInit                           0x080035d8   Section        0  stm32f4xx_ll_usb.o(i.USB_CoreInit)
    i.USB_CoreReset                          0x0800365c   Section        0  stm32f4xx_ll_usb.o(i.USB_CoreReset)
    USB_CoreReset                            0x0800365d   Thumb Code    60  stm32f4xx_ll_usb.o(i.USB_CoreReset)
    i.USB_DeactivateEndpoint                 0x08003698   Section        0  stm32f4xx_ll_usb.o(i.USB_DeactivateEndpoint)
    i.USB_DevConnect                         0x08003764   Section        0  stm32f4xx_ll_usb.o(i.USB_DevConnect)
    i.USB_DevDisconnect                      0x08003780   Section        0  stm32f4xx_ll_usb.o(i.USB_DevDisconnect)
    i.USB_DevInit                            0x0800379c   Section        0  stm32f4xx_ll_usb.o(i.USB_DevInit)
    i.USB_DisableGlobalInt                   0x08003918   Section        0  stm32f4xx_ll_usb.o(i.USB_DisableGlobalInt)
    i.USB_EP0_OutStart                       0x08003924   Section        0  stm32f4xx_ll_usb.o(i.USB_EP0_OutStart)
    i.USB_EPClearStall                       0x0800397c   Section        0  stm32f4xx_ll_usb.o(i.USB_EPClearStall)
    i.USB_EPSetStall                         0x080039d4   Section        0  stm32f4xx_ll_usb.o(i.USB_EPSetStall)
    i.USB_EPStartXfer                        0x08003a2c   Section        0  stm32f4xx_ll_usb.o(i.USB_EPStartXfer)
    i.USB_EPStopXfer                         0x08003c5c   Section        0  stm32f4xx_ll_usb.o(i.USB_EPStopXfer)
    i.USB_EnableGlobalInt                    0x08003cfa   Section        0  stm32f4xx_ll_usb.o(i.USB_EnableGlobalInt)
    i.USB_FlushRxFifo                        0x08003d06   Section        0  stm32f4xx_ll_usb.o(i.USB_FlushRxFifo)
    i.USB_FlushTxFifo                        0x08003d3e   Section        0  stm32f4xx_ll_usb.o(i.USB_FlushTxFifo)
    i.USB_GetDevSpeed                        0x08003d7a   Section        0  stm32f4xx_ll_usb.o(i.USB_GetDevSpeed)
    i.USB_GetMode                            0x08003d94   Section        0  stm32f4xx_ll_usb.o(i.USB_GetMode)
    i.USB_ReadDevAllInEpInterrupt            0x08003d9c   Section        0  stm32f4xx_ll_usb.o(i.USB_ReadDevAllInEpInterrupt)
    i.USB_ReadDevAllOutEpInterrupt           0x08003daa   Section        0  stm32f4xx_ll_usb.o(i.USB_ReadDevAllOutEpInterrupt)
    i.USB_ReadDevInEPInterrupt               0x08003db8   Section        0  stm32f4xx_ll_usb.o(i.USB_ReadDevInEPInterrupt)
    i.USB_ReadDevOutEPInterrupt              0x08003ddc   Section        0  stm32f4xx_ll_usb.o(i.USB_ReadDevOutEPInterrupt)
    i.USB_ReadInterrupts                     0x08003dec   Section        0  stm32f4xx_ll_usb.o(i.USB_ReadInterrupts)
    i.USB_ReadPacket                         0x08003df4   Section        0  stm32f4xx_ll_usb.o(i.USB_ReadPacket)
    i.USB_SetCurrentMode                     0x08003e32   Section        0  stm32f4xx_ll_usb.o(i.USB_SetCurrentMode)
    i.USB_SetDevAddress                      0x08003e8e   Section        0  stm32f4xx_ll_usb.o(i.USB_SetDevAddress)
    i.USB_SetTurnaroundTime                  0x08003eb0   Section        0  stm32f4xx_ll_usb.o(i.USB_SetTurnaroundTime)
    i.USB_WritePacket                        0x08003f98   Section        0  stm32f4xx_ll_usb.o(i.USB_WritePacket)
    i.UsageFault_Handler                     0x08003fc0   Section        0  stm32f4xx_it.o(i.UsageFault_Handler)
    i.__0sprintf$6                           0x08003fc4   Section        0  printf6.o(i.__0sprintf$6)
    i.__NVIC_SetPriority                     0x08003fec   Section        0  stm32f4xx_hal_cortex.o(i.__NVIC_SetPriority)
    __NVIC_SetPriority                       0x08003fed   Thumb Code    32  stm32f4xx_hal_cortex.o(i.__NVIC_SetPriority)
    i.__scatterload_copy                     0x0800400c   Section       14  handlers.o(i.__scatterload_copy)
    i.__scatterload_null                     0x0800401a   Section        2  handlers.o(i.__scatterload_null)
    i.__scatterload_zeroinit                 0x0800401c   Section       14  handlers.o(i.__scatterload_zeroinit)
    i._printf_core                           0x0800402c   Section        0  printf6.o(i._printf_core)
    _printf_core                             0x0800402d   Thumb Code   748  printf6.o(i._printf_core)
    i._printf_post_padding                   0x0800431c   Section        0  printf6.o(i._printf_post_padding)
    _printf_post_padding                     0x0800431d   Thumb Code    36  printf6.o(i._printf_post_padding)
    i._printf_pre_padding                    0x08004340   Section        0  printf6.o(i._printf_pre_padding)
    _printf_pre_padding                      0x08004341   Thumb Code    46  printf6.o(i._printf_pre_padding)
    i._sputc                                 0x0800436e   Section        0  printf6.o(i._sputc)
    _sputc                                   0x0800436f   Thumb Code    10  printf6.o(i._sputc)
    i.aht_get_humidness                      0x08004378   Section        0  aht.o(i.aht_get_humidness)
    i.aht_get_result                         0x08004384   Section        0  aht.o(i.aht_get_result)
    aht_get_result                           0x08004385   Thumb Code   254  aht.o(i.aht_get_result)
    i.aht_get_temperature                    0x0800448c   Section        0  aht.o(i.aht_get_temperature)
    i.aht_init                               0x08004498   Section        0  aht.o(i.aht_init)
    i.aht_run_loop                           0x080044a8   Section        0  aht.o(i.aht_run_loop)
    i.board_button_init                      0x08004510   Section        0  board.o(i.board_button_init)
    i.board_led_init                         0x08004550   Section        0  board.o(i.board_led_init)
    i.board_led_toggle                       0x0800459c   Section        0  board.o(i.board_led_toggle)
    i.main                                   0x080045ac   Section        0  main.o(i.main)
    .constdata                               0x08004660   Section       16  system_stm32f4xx.o(.constdata)
    .constdata                               0x08004670   Section        8  system_stm32f4xx.o(.constdata)
    .data                                    0x20000000   Section       28  usbd_desc.o(.data)
    .data                                    0x2000001c   Section       50  usbd_desc.o(.data)
    .data                                    0x20000050   Section       20  usbd_cdc_if.o(.data)
    .data                                    0x20000064   Section       12  stm32f4xx_hal.o(.data)
    .data                                    0x20000070   Section        4  system_stm32f4xx.o(.data)
    .data                                    0x20000074   Section        1  usbd_ctlreq.o(.data)
    cfgidx                                   0x20000074   Data           1  usbd_ctlreq.o(.data)
    .data                                    0x20000078   Section       83  usbd_cdc.o(.data)
    CDCInEpAdd                               0x20000078   Data           1  usbd_cdc.o(.data)
    CDCOutEpAdd                              0x20000079   Data           1  usbd_cdc.o(.data)
    CDCCmdEpAdd                              0x2000007a   Data           1  usbd_cdc.o(.data)
    USBD_CDC_DeviceQualifierDesc             0x2000007c   Data          10  usbd_cdc.o(.data)
    USBD_CDC_CfgDesc                         0x20000088   Data          67  usbd_cdc.o(.data)
    .data                                    0x200000cc   Section       56  usbd_cdc.o(.data)
    .data                                    0x20000104   Section       12  aht.o(.data)
    aht_run_step                             0x20000104   Data           1  aht.o(.data)
    temperature                              0x20000106   Data           2  aht.o(.data)
    humidness                                0x20000108   Data           2  aht.o(.data)
    aht_tick                                 0x2000010c   Data           4  aht.o(.data)
    .bss                                     0x20000110   Section       84  i2c.o(.bss)
    .bss                                     0x20000164   Section      732  usb_device.o(.bss)
    .bss                                     0x20000440   Section      512  usbd_desc.o(.bss)
    .bss                                     0x20000640   Section     4096  usbd_cdc_if.o(.bss)
    .bss                                     0x20001640   Section     1796  usbd_conf.o(.bss)
    mem                                      0x20001640   Data         544  usbd_conf.o(.bss)
    STACK                                    0x20001d48   Section     1024  startup_stm32f411xe.o(STACK)

    Global Symbols

    Symbol Name                              Value     Ov Type        Size  Object(Section)

    BuildAttributes$$THM_ISAv4$E$P$D$K$B$S$7EM$VFPi3$EXTD16$VFPS$VFMA$PE$A:L22UL41UL21$X:L11$S22US41US21$IEEE1$IW$USESV6$~STKCKD$USESV7$~SHL$OSPACE$ROPI$EBA8$MICROLIB$REQ8$PRES8$EABIv2 0x00000000   Number         0  anon$$obj.o ABSOLUTE
    __ARM_use_no_argv                        0x00000000   Number         0  main.o ABSOLUTE
    _printf_a                                0x00000000   Number         0  stubs.o ABSOLUTE
    _printf_c                                0x00000000   Number         0  stubs.o ABSOLUTE
    _printf_charcount                        0x00000000   Number         0  stubs.o ABSOLUTE
    _printf_d                                0x00000000   Number         0  stubs.o ABSOLUTE
    _printf_e                                0x00000000   Number         0  stubs.o ABSOLUTE
    _printf_f                                0x00000000   Number         0  stubs.o ABSOLUTE
    _printf_flags                            0x00000000   Number         0  stubs.o ABSOLUTE
    _printf_fp_dec                           0x00000000   Number         0  stubs.o ABSOLUTE
    _printf_fp_hex                           0x00000000   Number         0  stubs.o ABSOLUTE
    _printf_g                                0x00000000   Number         0  stubs.o ABSOLUTE
    _printf_i                                0x00000000   Number         0  stubs.o ABSOLUTE
    _printf_int_dec                          0x00000000   Number         0  stubs.o ABSOLUTE
    _printf_l                                0x00000000   Number         0  stubs.o ABSOLUTE
    _printf_lc                               0x00000000   Number         0  stubs.o ABSOLUTE
    _printf_ll                               0x00000000   Number         0  stubs.o ABSOLUTE
    _printf_lld                              0x00000000   Number         0  stubs.o ABSOLUTE
    _printf_lli                              0x00000000   Number         0  stubs.o ABSOLUTE
    _printf_llo                              0x00000000   Number         0  stubs.o ABSOLUTE
    _printf_llu                              0x00000000   Number         0  stubs.o ABSOLUTE
    _printf_llx                              0x00000000   Number         0  stubs.o ABSOLUTE
    _printf_longlong_dec                     0x00000000   Number         0  stubs.o ABSOLUTE
    _printf_longlong_hex                     0x00000000   Number         0  stubs.o ABSOLUTE
    _printf_longlong_oct                     0x00000000   Number         0  stubs.o ABSOLUTE
    _printf_ls                               0x00000000   Number         0  stubs.o ABSOLUTE
    _printf_mbtowc                           0x00000000   Number         0  stubs.o ABSOLUTE
    _printf_n                                0x00000000   Number         0  stubs.o ABSOLUTE
    _printf_o                                0x00000000   Number         0  stubs.o ABSOLUTE
    _printf_p                                0x00000000   Number         0  stubs.o ABSOLUTE
    _printf_percent                          0x00000000   Number         0  stubs.o ABSOLUTE
    _printf_pre_padding                      0x00000000   Number         0  stubs.o ABSOLUTE
    _printf_return_value                     0x00000000   Number         0  stubs.o ABSOLUTE
    _printf_s                                0x00000000   Number         0  stubs.o ABSOLUTE
    _printf_sizespec                         0x00000000   Number         0  stubs.o ABSOLUTE
    _printf_str                              0x00000000   Number         0  stubs.o ABSOLUTE
    _printf_truncate_signed                  0x00000000   Number         0  stubs.o ABSOLUTE
    _printf_truncate_unsigned                0x00000000   Number         0  stubs.o ABSOLUTE
    _printf_u                                0x00000000   Number         0  stubs.o ABSOLUTE
    _printf_wc                               0x00000000   Number         0  stubs.o ABSOLUTE
    _printf_wctomb                           0x00000000   Number         0  stubs.o ABSOLUTE
    _printf_widthprec                        0x00000000   Number         0  stubs.o ABSOLUTE
    _printf_x                                0x00000000   Number         0  stubs.o ABSOLUTE
    __arm_fini_                               - Undefined Weak Reference
    __cpp_initialize__aeabi_                  - Undefined Weak Reference
    __cxa_finalize                            - Undefined Weak Reference
    __decompress                              - Undefined Weak Reference
    _clock_init                               - Undefined Weak Reference
    _microlib_exit                            - Undefined Weak Reference
    __Vectors_Size                           0x00000198   Number         0  startup_stm32f411xe.o ABSOLUTE
    __Vectors                                0x08000000   Data           4  startup_stm32f411xe.o(RESET)
    __Vectors_End                            0x08000198   Data           0  startup_stm32f411xe.o(RESET)
    __main                                   0x08000199   Thumb Code     0  entry.o(.ARM.Collect$$$$00000000)
    _main_stk                                0x08000199   Thumb Code     0  entry2.o(.ARM.Collect$$$$00000001)
    _main_scatterload                        0x0800019d   Thumb Code     0  entry5.o(.ARM.Collect$$$$00000004)
    __main_after_scatterload                 0x080001a1   Thumb Code     0  entry5.o(.ARM.Collect$$$$00000004)
    _main_clock                              0x080001a1   Thumb Code     0  entry7b.o(.ARM.Collect$$$$00000008)
    _main_cpp_init                           0x080001a1   Thumb Code     0  entry8b.o(.ARM.Collect$$$$0000000A)
    _main_init                               0x080001a1   Thumb Code     0  entry9a.o(.ARM.Collect$$$$0000000B)
    __rt_lib_shutdown_fini                   0x080001a9   Thumb Code     0  entry12b.o(.ARM.Collect$$$$0000000E)
    __rt_final_cpp                           0x080001ad   Thumb Code     0  entry10a.o(.ARM.Collect$$$$0000000F)
    __rt_final_exit                          0x080001ad   Thumb Code     0  entry11a.o(.ARM.Collect$$$$00000011)
    Reset_Handler                            0x080001b1   Thumb Code     8  startup_stm32f411xe.o(.text)
    ADC_IRQHandler                           0x080001cb   Thumb Code     0  startup_stm32f411xe.o(.text)
    DMA1_Stream0_IRQHandler                  0x080001cb   Thumb Code     0  startup_stm32f411xe.o(.text)
    DMA1_Stream1_IRQHandler                  0x080001cb   Thumb Code     0  startup_stm32f411xe.o(.text)
    DMA1_Stream2_IRQHandler                  0x080001cb   Thumb Code     0  startup_stm32f411xe.o(.text)
    DMA1_Stream3_IRQHandler                  0x080001cb   Thumb Code     0  startup_stm32f411xe.o(.text)
    DMA1_Stream4_IRQHandler                  0x080001cb   Thumb Code     0  startup_stm32f411xe.o(.text)
    DMA1_Stream5_IRQHandler                  0x080001cb   Thumb Code     0  startup_stm32f411xe.o(.text)
    DMA1_Stream6_IRQHandler                  0x080001cb   Thumb Code     0  startup_stm32f411xe.o(.text)
    DMA1_Stream7_IRQHandler                  0x080001cb   Thumb Code     0  startup_stm32f411xe.o(.text)
    DMA2_Stream0_IRQHandler                  0x080001cb   Thumb Code     0  startup_stm32f411xe.o(.text)
    DMA2_Stream1_IRQHandler                  0x080001cb   Thumb Code     0  startup_stm32f411xe.o(.text)
    DMA2_Stream2_IRQHandler                  0x080001cb   Thumb Code     0  startup_stm32f411xe.o(.text)
    DMA2_Stream3_IRQHandler                  0x080001cb   Thumb Code     0  startup_stm32f411xe.o(.text)
    DMA2_Stream4_IRQHandler                  0x080001cb   Thumb Code     0  startup_stm32f411xe.o(.text)
    DMA2_Stream5_IRQHandler                  0x080001cb   Thumb Code     0  startup_stm32f411xe.o(.text)
    DMA2_Stream6_IRQHandler                  0x080001cb   Thumb Code     0  startup_stm32f411xe.o(.text)
    DMA2_Stream7_IRQHandler                  0x080001cb   Thumb Code     0  startup_stm32f411xe.o(.text)
    EXTI0_IRQHandler                         0x080001cb   Thumb Code     0  startup_stm32f411xe.o(.text)
    EXTI15_10_IRQHandler                     0x080001cb   Thumb Code     0  startup_stm32f411xe.o(.text)
    EXTI1_IRQHandler                         0x080001cb   Thumb Code     0  startup_stm32f411xe.o(.text)
    EXTI2_IRQHandler                         0x080001cb   Thumb Code     0  startup_stm32f411xe.o(.text)
    EXTI3_IRQHandler                         0x080001cb   Thumb Code     0  startup_stm32f411xe.o(.text)
    EXTI4_IRQHandler                         0x080001cb   Thumb Code     0  startup_stm32f411xe.o(.text)
    EXTI9_5_IRQHandler                       0x080001cb   Thumb Code     0  startup_stm32f411xe.o(.text)
    FLASH_IRQHandler                         0x080001cb   Thumb Code     0  startup_stm32f411xe.o(.text)
    FPU_IRQHandler                           0x080001cb   Thumb Code     0  startup_stm32f411xe.o(.text)
    I2C1_ER_IRQHandler                       0x080001cb   Thumb Code     0  startup_stm32f411xe.o(.text)
    I2C1_EV_IRQHandler                       0x080001cb   Thumb Code     0  startup_stm32f411xe.o(.text)
    I2C2_ER_IRQHandler                       0x080001cb   Thumb Code     0  startup_stm32f411xe.o(.text)
    I2C2_EV_IRQHandler                       0x080001cb   Thumb Code     0  startup_stm32f411xe.o(.text)
    I2C3_ER_IRQHandler                       0x080001cb   Thumb Code     0  startup_stm32f411xe.o(.text)
    I2C3_EV_IRQHandler                       0x080001cb   Thumb Code     0  startup_stm32f411xe.o(.text)
    OTG_FS_WKUP_IRQHandler                   0x080001cb   Thumb Code     0  startup_stm32f411xe.o(.text)
    PVD_IRQHandler                           0x080001cb   Thumb Code     0  startup_stm32f411xe.o(.text)
    RCC_IRQHandler                           0x080001cb   Thumb Code     0  startup_stm32f411xe.o(.text)
    RTC_Alarm_IRQHandler                     0x080001cb   Thumb Code     0  startup_stm32f411xe.o(.text)
    RTC_WKUP_IRQHandler                      0x080001cb   Thumb Code     0  startup_stm32f411xe.o(.text)
    SDIO_IRQHandler                          0x080001cb   Thumb Code     0  startup_stm32f411xe.o(.text)
    SPI1_IRQHandler                          0x080001cb   Thumb Code     0  startup_stm32f411xe.o(.text)
    SPI2_IRQHandler                          0x080001cb   Thumb Code     0  startup_stm32f411xe.o(.text)
    SPI3_IRQHandler                          0x080001cb   Thumb Code     0  startup_stm32f411xe.o(.text)
    SPI4_IRQHandler                          0x080001cb   Thumb Code     0  startup_stm32f411xe.o(.text)
    SPI5_IRQHandler                          0x080001cb   Thumb Code     0  startup_stm32f411xe.o(.text)
    TAMP_STAMP_IRQHandler                    0x080001cb   Thumb Code     0  startup_stm32f411xe.o(.text)
    TIM1_BRK_TIM9_IRQHandler                 0x080001cb   Thumb Code     0  startup_stm32f411xe.o(.text)
    TIM1_CC_IRQHandler                       0x080001cb   Thumb Code     0  startup_stm32f411xe.o(.text)
    TIM1_TRG_COM_TIM11_IRQHandler            0x080001cb   Thumb Code     0  startup_stm32f411xe.o(.text)
    TIM1_UP_TIM10_IRQHandler                 0x080001cb   Thumb Code     0  startup_stm32f411xe.o(.text)
    TIM2_IRQHandler                          0x080001cb   Thumb Code     0  startup_stm32f411xe.o(.text)
    TIM3_IRQHandler                          0x080001cb   Thumb Code     0  startup_stm32f411xe.o(.text)
    TIM4_IRQHandler                          0x080001cb   Thumb Code     0  startup_stm32f411xe.o(.text)
    TIM5_IRQHandler                          0x080001cb   Thumb Code     0  startup_stm32f411xe.o(.text)
    USART1_IRQHandler                        0x080001cb   Thumb Code     0  startup_stm32f411xe.o(.text)
    USART2_IRQHandler                        0x080001cb   Thumb Code     0  startup_stm32f411xe.o(.text)
    USART6_IRQHandler                        0x080001cb   Thumb Code     0  startup_stm32f411xe.o(.text)
    WWDG_IRQHandler                          0x080001cb   Thumb Code     0  startup_stm32f411xe.o(.text)
    __aeabi_uldivmod                         0x080001d5   Thumb Code    98  uldiv.o(.text)
    __aeabi_memset                           0x08000237   Thumb Code    14  memseta.o(.text)
    __aeabi_memset4                          0x08000237   Thumb Code     0  memseta.o(.text)
    __aeabi_memset8                          0x08000237   Thumb Code     0  memseta.o(.text)
    __aeabi_memclr                           0x08000245   Thumb Code     4  memseta.o(.text)
    __aeabi_memclr4                          0x08000245   Thumb Code     0  memseta.o(.text)
    __aeabi_memclr8                          0x08000245   Thumb Code     0  memseta.o(.text)
    _memset$wrapper                          0x08000249   Thumb Code    18  memseta.o(.text)
    __aeabi_uidiv                            0x0800025b   Thumb Code     0  uidiv.o(.text)
    __aeabi_uidivmod                         0x0800025b   Thumb Code    44  uidiv.o(.text)
    __aeabi_llsl                             0x08000287   Thumb Code    30  llshl.o(.text)
    _ll_shift_l                              0x08000287   Thumb Code     0  llshl.o(.text)
    __aeabi_llsr                             0x080002a5   Thumb Code    32  llushr.o(.text)
    _ll_ushift_r                             0x080002a5   Thumb Code     0  llushr.o(.text)
    __scatterload                            0x080002c5   Thumb Code    28  init.o(.text)
    __scatterload_rt2                        0x080002c5   Thumb Code     0  init.o(.text)
    BusFault_Handler                         0x080002e9   Thumb Code     2  stm32f4xx_it.o(i.BusFault_Handler)
    CDC_Transmit_FS                          0x08000335   Thumb Code    38  usbd_cdc_if.o(i.CDC_Transmit_FS)
    DebugMon_Handler                         0x08000361   Thumb Code     2  stm32f4xx_it.o(i.DebugMon_Handler)
    Error_Handler                            0x08000363   Thumb Code     4  main.o(i.Error_Handler)
    HAL_Delay                                0x08000369   Thumb Code    32  stm32f4xx_hal.o(i.HAL_Delay)
    HAL_GPIO_DeInit                          0x0800038d   Thumb Code   272  stm32f4xx_hal_gpio.o(i.HAL_GPIO_DeInit)
    HAL_GPIO_Init                            0x080004b9   Thumb Code   446  stm32f4xx_hal_gpio.o(i.HAL_GPIO_Init)
    HAL_GPIO_TogglePin                       0x08000699   Thumb Code    16  stm32f4xx_hal_gpio.o(i.HAL_GPIO_TogglePin)
    HAL_GPIO_WritePin                        0x080006a9   Thumb Code    10  stm32f4xx_hal_gpio.o(i.HAL_GPIO_WritePin)
    HAL_GetTick                              0x080006b5   Thumb Code     6  stm32f4xx_hal.o(i.HAL_GetTick)
    HAL_I2C_DeInit                           0x080006c1   Thumb Code    50  stm32f4xx_hal_i2c.o(i.HAL_I2C_DeInit)
    HAL_I2C_Init                             0x080006f5   Thumb Code   376  stm32f4xx_hal_i2c.o(i.HAL_I2C_Init)
    HAL_I2C_Master_Receive                   0x0800087d   Thumb Code   482  stm32f4xx_hal_i2c.o(i.HAL_I2C_Master_Receive)
    HAL_I2C_Mem_Write                        0x08000a6d   Thumb Code   294  stm32f4xx_hal_i2c.o(i.HAL_I2C_Mem_Write)
    HAL_I2C_MspDeInit                        0x08000b9d   Thumb Code    44  i2c.o(i.HAL_I2C_MspDeInit)
    HAL_I2C_MspInit                          0x08000bd5   Thumb Code    92  i2c.o(i.HAL_I2C_MspInit)
    HAL_IncTick                              0x08000c3d   Thumb Code    12  stm32f4xx_hal.o(i.HAL_IncTick)
    HAL_Init                                 0x08000c4d   Thumb Code    48  stm32f4xx_hal.o(i.HAL_Init)
    HAL_InitTick                             0x08000c81   Thumb Code    54  stm32f4xx_hal.o(i.HAL_InitTick)
    HAL_MspInit                              0x08000cc1   Thumb Code    42  stm32f4xx_hal_msp.o(i.HAL_MspInit)
    HAL_NVIC_EnableIRQ                       0x08000cf1   Thumb Code    26  stm32f4xx_hal_cortex.o(i.HAL_NVIC_EnableIRQ)
    HAL_NVIC_SetPriority                     0x08000d0d   Thumb Code    60  stm32f4xx_hal_cortex.o(i.HAL_NVIC_SetPriority)
    HAL_NVIC_SetPriorityGrouping             0x08000d4d   Thumb Code    26  stm32f4xx_hal_cortex.o(i.HAL_NVIC_SetPriorityGrouping)
    HAL_PCDEx_LPM_Callback                   0x08000d71   Thumb Code     2  stm32f4xx_hal_pcd_ex.o(i.HAL_PCDEx_LPM_Callback)
    HAL_PCDEx_SetRxFiFo                      0x08000d73   Thumb Code     8  stm32f4xx_hal_pcd_ex.o(i.HAL_PCDEx_SetRxFiFo)
    HAL_PCDEx_SetTxFiFo                      0x08000d7b   Thumb Code    68  stm32f4xx_hal_pcd_ex.o(i.HAL_PCDEx_SetTxFiFo)
    HAL_PCD_ConnectCallback                  0x08000dbf   Thumb Code     8  usbd_conf.o(i.HAL_PCD_ConnectCallback)
    HAL_PCD_DataInStageCallback              0x08000dc7   Thumb Code    18  usbd_conf.o(i.HAL_PCD_DataInStageCallback)
    HAL_PCD_DataOutStageCallback             0x08000dd9   Thumb Code    20  usbd_conf.o(i.HAL_PCD_DataOutStageCallback)
    HAL_PCD_DisconnectCallback               0x08000ded   Thumb Code     8  usbd_conf.o(i.HAL_PCD_DisconnectCallback)
    HAL_PCD_EP_Abort                         0x08000df5   Thumb Code    30  stm32f4xx_hal_pcd.o(i.HAL_PCD_EP_Abort)
    HAL_PCD_EP_Close                         0x08000e13   Thumb Code    74  stm32f4xx_hal_pcd.o(i.HAL_PCD_EP_Close)
    HAL_PCD_EP_ClrStall                      0x08000e5d   Thumb Code    90  stm32f4xx_hal_pcd.o(i.HAL_PCD_EP_ClrStall)
    HAL_PCD_EP_GetRxCount                    0x08000eb7   Thumb Code    18  stm32f4xx_hal_pcd.o(i.HAL_PCD_EP_GetRxCount)
    HAL_PCD_EP_Open                          0x08000ec9   Thumb Code    94  stm32f4xx_hal_pcd.o(i.HAL_PCD_EP_Open)
    HAL_PCD_EP_Receive                       0x08000f27   Thumb Code    56  stm32f4xx_hal_pcd.o(i.HAL_PCD_EP_Receive)
    HAL_PCD_EP_SetStall                      0x08000f5f   Thumb Code   114  stm32f4xx_hal_pcd.o(i.HAL_PCD_EP_SetStall)
    HAL_PCD_EP_Transmit                      0x08000fd1   Thumb Code    50  stm32f4xx_hal_pcd.o(i.HAL_PCD_EP_Transmit)
    HAL_PCD_IRQHandler                       0x08001005   Thumb Code  1372  stm32f4xx_hal_pcd.o(i.HAL_PCD_IRQHandler)
    HAL_PCD_ISOINIncompleteCallback          0x08001561   Thumb Code     8  usbd_conf.o(i.HAL_PCD_ISOINIncompleteCallback)
    HAL_PCD_ISOOUTIncompleteCallback         0x08001569   Thumb Code     8  usbd_conf.o(i.HAL_PCD_ISOOUTIncompleteCallback)
    HAL_PCD_Init                             0x08001571   Thumb Code   204  stm32f4xx_hal_pcd.o(i.HAL_PCD_Init)
    HAL_PCD_MspInit                          0x0800163d   Thumb Code   122  usbd_conf.o(i.HAL_PCD_MspInit)
    HAL_PCD_ResetCallback                    0x080016c1   Thumb Code    38  usbd_conf.o(i.HAL_PCD_ResetCallback)
    HAL_PCD_ResumeCallback                   0x080016e7   Thumb Code     8  usbd_conf.o(i.HAL_PCD_ResumeCallback)
    HAL_PCD_SOFCallback                      0x080016ef   Thumb Code     8  usbd_conf.o(i.HAL_PCD_SOFCallback)
    HAL_PCD_SetAddress                       0x080016f7   Thumb Code    38  stm32f4xx_hal_pcd.o(i.HAL_PCD_SetAddress)
    HAL_PCD_SetupStageCallback               0x0800171d   Thumb Code    14  usbd_conf.o(i.HAL_PCD_SetupStageCallback)
    HAL_PCD_Start                            0x0800172b   Thumb Code    66  stm32f4xx_hal_pcd.o(i.HAL_PCD_Start)
    HAL_PCD_SuspendCallback                  0x0800176d   Thumb Code    44  usbd_conf.o(i.HAL_PCD_SuspendCallback)
    HAL_RCC_ClockConfig                      0x0800179d   Thumb Code   288  stm32f4xx_hal_rcc.o(i.HAL_RCC_ClockConfig)
    HAL_RCC_GetHCLKFreq                      0x080018d1   Thumb Code     6  stm32f4xx_hal_rcc.o(i.HAL_RCC_GetHCLKFreq)
    HAL_RCC_GetPCLK1Freq                     0x080018dd   Thumb Code    20  stm32f4xx_hal_rcc.o(i.HAL_RCC_GetPCLK1Freq)
    HAL_RCC_GetSysClockFreq                  0x080018fd   Thumb Code    88  stm32f4xx_hal_rcc.o(i.HAL_RCC_GetSysClockFreq)
    HAL_RCC_OscConfig                        0x08001961   Thumb Code   856  stm32f4xx_hal_rcc.o(i.HAL_RCC_OscConfig)
    HAL_SYSTICK_Config                       0x08001ccd   Thumb Code    40  stm32f4xx_hal_cortex.o(i.HAL_SYSTICK_Config)
    HardFault_Handler                        0x08001cf5   Thumb Code     2  stm32f4xx_it.o(i.HardFault_Handler)
    MX_GPIO_Init                             0x080021c9   Thumb Code    54  gpio.o(i.MX_GPIO_Init)
    MX_I2C1_Init                             0x08002205   Thumb Code    50  i2c.o(i.MX_I2C1_Init)
    MX_USB_DEVICE_Init                       0x08002245   Thumb Code    66  usb_device.o(i.MX_USB_DEVICE_Init)
    MemManage_Handler                        0x08002299   Thumb Code     2  stm32f4xx_it.o(i.MemManage_Handler)
    NMI_Handler                              0x0800229b   Thumb Code     2  stm32f4xx_it.o(i.NMI_Handler)
    OTG_FS_IRQHandler                        0x0800229d   Thumb Code     6  stm32f4xx_it.o(i.OTG_FS_IRQHandler)
    PendSV_Handler                           0x08002417   Thumb Code     2  stm32f4xx_it.o(i.PendSV_Handler)
    SVC_Handler                              0x08002419   Thumb Code     2  stm32f4xx_it.o(i.SVC_Handler)
    SysTick_Handler                          0x08002425   Thumb Code     4  stm32f4xx_it.o(i.SysTick_Handler)
    SystemClock_Config                       0x08002429   Thumb Code   136  main.o(i.SystemClock_Config)
    SystemInit                               0x080024b9   Thumb Code    12  system_stm32f4xx.o(i.SystemInit)
    USBD_CDC_GetDeviceQualifierDescriptor    0x08002645   Thumb Code     8  usbd_cdc.o(i.USBD_CDC_GetDeviceQualifierDescriptor)
    USBD_CDC_ReceivePacket                   0x08002821   Thumb Code    50  usbd_cdc.o(i.USBD_CDC_ReceivePacket)
    USBD_CDC_RegisterInterface               0x08002859   Thumb Code    22  usbd_cdc.o(i.USBD_CDC_RegisterInterface)
    USBD_CDC_SetRxBuffer                     0x0800286f   Thumb Code    26  usbd_cdc.o(i.USBD_CDC_SetRxBuffer)
    USBD_CDC_SetTxBuffer                     0x08002889   Thumb Code    30  usbd_cdc.o(i.USBD_CDC_SetTxBuffer)
    USBD_CDC_TransmitPacket                  0x0800297d   Thumb Code    76  usbd_cdc.o(i.USBD_CDC_TransmitPacket)
    USBD_ClrClassConfig                      0x080029cd   Thumb Code    20  usbd_core.o(i.USBD_ClrClassConfig)
    USBD_CoreFindEP                          0x080029e1   Thumb Code     4  usbd_core.o(i.USBD_CoreFindEP)
    USBD_CoreFindIF                          0x080029e5   Thumb Code     4  usbd_core.o(i.USBD_CoreFindIF)
    USBD_CtlContinueRx                       0x080029e9   Thumb Code    16  usbd_ioreq.o(i.USBD_CtlContinueRx)
    USBD_CtlContinueSendData                 0x080029f9   Thumb Code    16  usbd_ioreq.o(i.USBD_CtlContinueSendData)
    USBD_CtlError                            0x08002a09   Thumb Code    22  usbd_ctlreq.o(i.USBD_CtlError)
    USBD_CtlPrepareRx                        0x08002a1f   Thumb Code    30  usbd_ioreq.o(i.USBD_CtlPrepareRx)
    USBD_CtlReceiveStatus                    0x08002a3d   Thumb Code    22  usbd_ioreq.o(i.USBD_CtlReceiveStatus)
    USBD_CtlSendData                         0x08002a53   Thumb Code    26  usbd_ioreq.o(i.USBD_CtlSendData)
    USBD_CtlSendStatus                       0x08002a6d   Thumb Code    22  usbd_ioreq.o(i.USBD_CtlSendStatus)
    USBD_FS_ConfigStrDescriptor              0x08002a85   Thumb Code    16  usbd_desc.o(i.USBD_FS_ConfigStrDescriptor)
    USBD_FS_DeviceDescriptor                 0x08002aa5   Thumb Code     8  usbd_desc.o(i.USBD_FS_DeviceDescriptor)
    USBD_FS_InterfaceStrDescriptor           0x08002ab1   Thumb Code    16  usbd_desc.o(i.USBD_FS_InterfaceStrDescriptor)
    USBD_FS_LangIDStrDescriptor              0x08002ad5   Thumb Code     8  usbd_desc.o(i.USBD_FS_LangIDStrDescriptor)
    USBD_FS_ManufacturerStrDescriptor        0x08002ae1   Thumb Code    16  usbd_desc.o(i.USBD_FS_ManufacturerStrDescriptor)
    USBD_FS_ProductStrDescriptor             0x08002b09   Thumb Code    16  usbd_desc.o(i.USBD_FS_ProductStrDescriptor)
    USBD_FS_SerialStrDescriptor              0x08002b35   Thumb Code    48  usbd_desc.o(i.USBD_FS_SerialStrDescriptor)
    USBD_GetEpDesc                           0x08002c53   Thumb Code    58  usbd_core.o(i.USBD_GetEpDesc)
    USBD_GetNextDesc                         0x08002c8d   Thumb Code    14  usbd_core.o(i.USBD_GetNextDesc)
    USBD_GetString                           0x08002c9b   Thumb Code    72  usbd_ctlreq.o(i.USBD_GetString)
    USBD_Get_USB_Status                      0x08002ce3   Thumb Code    24  usbd_conf.o(i.USBD_Get_USB_Status)
    USBD_Init                                0x08002cfb   Thumb Code    38  usbd_core.o(i.USBD_Init)
    USBD_LL_ClearStallEP                     0x08002d21   Thumb Code    18  usbd_conf.o(i.USBD_LL_ClearStallEP)
    USBD_LL_CloseEP                          0x08002d33   Thumb Code    18  usbd_conf.o(i.USBD_LL_CloseEP)
    USBD_LL_DataInStage                      0x08002d45   Thumb Code   182  usbd_core.o(i.USBD_LL_DataInStage)
    USBD_LL_DataOutStage                     0x08002dfb   Thumb Code   142  usbd_core.o(i.USBD_LL_DataOutStage)
    USBD_LL_DevConnected                     0x08002e89   Thumb Code     4  usbd_core.o(i.USBD_LL_DevConnected)
    USBD_LL_DevDisconnected                  0x08002e8d   Thumb Code    30  usbd_core.o(i.USBD_LL_DevDisconnected)
    USBD_LL_GetRxDataSize                    0x08002eab   Thumb Code     8  usbd_conf.o(i.USBD_LL_GetRxDataSize)
    USBD_LL_Init                             0x08002eb5   Thumb Code    90  usbd_conf.o(i.USBD_LL_Init)
    USBD_LL_IsStallEP                        0x08002f15   Thumb Code    30  usbd_conf.o(i.USBD_LL_IsStallEP)
    USBD_LL_IsoINIncomplete                  0x08002f33   Thumb Code    40  usbd_core.o(i.USBD_LL_IsoINIncomplete)
    USBD_LL_IsoOUTIncomplete                 0x08002f5b   Thumb Code    40  usbd_core.o(i.USBD_LL_IsoOUTIncomplete)
    USBD_LL_OpenEP                           0x08002f83   Thumb Code    24  usbd_conf.o(i.USBD_LL_OpenEP)
    USBD_LL_PrepareReceive                   0x08002f9b   Thumb Code    18  usbd_conf.o(i.USBD_LL_PrepareReceive)
    USBD_LL_Reset                            0x08002fad   Thumb Code    92  usbd_core.o(i.USBD_LL_Reset)
    USBD_LL_Resume                           0x08003009   Thumb Code    20  usbd_core.o(i.USBD_LL_Resume)
    USBD_LL_SOF                              0x0800301d   Thumb Code    26  usbd_core.o(i.USBD_LL_SOF)
    USBD_LL_SetSpeed                         0x08003037   Thumb Code     6  usbd_core.o(i.USBD_LL_SetSpeed)
    USBD_LL_SetUSBAddress                    0x0800303d   Thumb Code    18  usbd_conf.o(i.USBD_LL_SetUSBAddress)
    USBD_LL_SetupStage                       0x0800304f   Thumb Code    96  usbd_core.o(i.USBD_LL_SetupStage)
    USBD_LL_StallEP                          0x080030af   Thumb Code    18  usbd_conf.o(i.USBD_LL_StallEP)
    USBD_LL_Start                            0x080030c1   Thumb Code    18  usbd_conf.o(i.USBD_LL_Start)
    USBD_LL_Suspend                          0x080030d3   Thumb Code    26  usbd_core.o(i.USBD_LL_Suspend)
    USBD_LL_Transmit                         0x080030ed   Thumb Code    18  usbd_conf.o(i.USBD_LL_Transmit)
    USBD_ParseSetupRequest                   0x080030ff   Thumb Code    44  usbd_ctlreq.o(i.USBD_ParseSetupRequest)
    USBD_RegisterClass                       0x0800312b   Thumb Code    58  usbd_core.o(i.USBD_RegisterClass)
    USBD_SetClassConfig                      0x08003165   Thumb Code    20  usbd_core.o(i.USBD_SetClassConfig)
    USBD_Start                               0x08003231   Thumb Code     4  usbd_core.o(i.USBD_Start)
    USBD_StdDevReq                           0x08003235   Thumb Code   300  usbd_ctlreq.o(i.USBD_StdDevReq)
    USBD_StdEPReq                            0x08003361   Thumb Code   352  usbd_ctlreq.o(i.USBD_StdEPReq)
    USBD_StdItfReq                           0x080034c1   Thumb Code   114  usbd_ctlreq.o(i.USBD_StdItfReq)
    USBD_static_free                         0x08003533   Thumb Code     2  usbd_conf.o(i.USBD_static_free)
    USBD_static_malloc                       0x08003535   Thumb Code     4  usbd_conf.o(i.USBD_static_malloc)
    USB_ActivateEndpoint                     0x0800353d   Thumb Code   122  stm32f4xx_ll_usb.o(i.USB_ActivateEndpoint)
    USB_ActivateSetup                        0x080035bd   Thumb Code    28  stm32f4xx_ll_usb.o(i.USB_ActivateSetup)
    USB_CoreInit                             0x080035d9   Thumb Code   126  stm32f4xx_ll_usb.o(i.USB_CoreInit)
    USB_DeactivateEndpoint                   0x08003699   Thumb Code   194  stm32f4xx_ll_usb.o(i.USB_DeactivateEndpoint)
    USB_DevConnect                           0x08003765   Thumb Code    28  stm32f4xx_ll_usb.o(i.USB_DevConnect)
    USB_DevDisconnect                        0x08003781   Thumb Code    28  stm32f4xx_ll_usb.o(i.USB_DevDisconnect)
    USB_DevInit                              0x0800379d   Thumb Code   370  stm32f4xx_ll_usb.o(i.USB_DevInit)
    USB_DisableGlobalInt                     0x08003919   Thumb Code    12  stm32f4xx_ll_usb.o(i.USB_DisableGlobalInt)
    USB_EP0_OutStart                         0x08003925   Thumb Code    84  stm32f4xx_ll_usb.o(i.USB_EP0_OutStart)
    USB_EPClearStall                         0x0800397d   Thumb Code    88  stm32f4xx_ll_usb.o(i.USB_EPClearStall)
    USB_EPSetStall                           0x080039d5   Thumb Code    88  stm32f4xx_ll_usb.o(i.USB_EPSetStall)
    USB_EPStartXfer                          0x08003a2d   Thumb Code   554  stm32f4xx_ll_usb.o(i.USB_EPStartXfer)
    USB_EPStopXfer                           0x08003c5d   Thumb Code   158  stm32f4xx_ll_usb.o(i.USB_EPStopXfer)
    USB_EnableGlobalInt                      0x08003cfb   Thumb Code    12  stm32f4xx_ll_usb.o(i.USB_EnableGlobalInt)
    USB_FlushRxFifo                          0x08003d07   Thumb Code    56  stm32f4xx_ll_usb.o(i.USB_FlushRxFifo)
    USB_FlushTxFifo                          0x08003d3f   Thumb Code    60  stm32f4xx_ll_usb.o(i.USB_FlushTxFifo)
    USB_GetDevSpeed                          0x08003d7b   Thumb Code    26  stm32f4xx_ll_usb.o(i.USB_GetDevSpeed)
    USB_GetMode                              0x08003d95   Thumb Code     8  stm32f4xx_ll_usb.o(i.USB_GetMode)
    USB_ReadDevAllInEpInterrupt              0x08003d9d   Thumb Code    14  stm32f4xx_ll_usb.o(i.USB_ReadDevAllInEpInterrupt)
    USB_ReadDevAllOutEpInterrupt             0x08003dab   Thumb Code    14  stm32f4xx_ll_usb.o(i.USB_ReadDevAllOutEpInterrupt)
    USB_ReadDevInEPInterrupt                 0x08003db9   Thumb Code    36  stm32f4xx_ll_usb.o(i.USB_ReadDevInEPInterrupt)
    USB_ReadDevOutEPInterrupt                0x08003ddd   Thumb Code    16  stm32f4xx_ll_usb.o(i.USB_ReadDevOutEPInterrupt)
    USB_ReadInterrupts                       0x08003ded   Thumb Code     8  stm32f4xx_ll_usb.o(i.USB_ReadInterrupts)
    USB_ReadPacket                           0x08003df5   Thumb Code    62  stm32f4xx_ll_usb.o(i.USB_ReadPacket)
    USB_SetCurrentMode                       0x08003e33   Thumb Code    92  stm32f4xx_ll_usb.o(i.USB_SetCurrentMode)
    USB_SetDevAddress                        0x08003e8f   Thumb Code    34  stm32f4xx_ll_usb.o(i.USB_SetDevAddress)
    USB_SetTurnaroundTime                    0x08003eb1   Thumb Code   158  stm32f4xx_ll_usb.o(i.USB_SetTurnaroundTime)
    USB_WritePacket                          0x08003f99   Thumb Code    40  stm32f4xx_ll_usb.o(i.USB_WritePacket)
    UsageFault_Handler                       0x08003fc1   Thumb Code     2  stm32f4xx_it.o(i.UsageFault_Handler)
    __0sprintf$6                             0x08003fc5   Thumb Code    34  printf6.o(i.__0sprintf$6)
    __1sprintf$6                             0x08003fc5   Thumb Code     0  printf6.o(i.__0sprintf$6)
    __2sprintf                               0x08003fc5   Thumb Code     0  printf6.o(i.__0sprintf$6)
    __scatterload_copy                       0x0800400d   Thumb Code    14  handlers.o(i.__scatterload_copy)
    __scatterload_null                       0x0800401b   Thumb Code     2  handlers.o(i.__scatterload_null)
    __scatterload_zeroinit                   0x0800401d   Thumb Code    14  handlers.o(i.__scatterload_zeroinit)
    aht_get_humidness                        0x08004379   Thumb Code     6  aht.o(i.aht_get_humidness)
    aht_get_temperature                      0x0800448d   Thumb Code     8  aht.o(i.aht_get_temperature)
    aht_init                                 0x08004499   Thumb Code    12  aht.o(i.aht_init)
    aht_run_loop                             0x080044a9   Thumb Code    94  aht.o(i.aht_run_loop)
    board_button_init                        0x08004511   Thumb Code    54  board.o(i.board_button_init)
    board_led_init                           0x08004551   Thumb Code    68  board.o(i.board_led_init)
    board_led_toggle                         0x0800459d   Thumb Code    10  board.o(i.board_led_toggle)
    main                                     0x080045ad   Thumb Code   132  main.o(i.main)
    AHBPrescTable                            0x08004660   Data          16  system_stm32f4xx.o(.constdata)
    APBPrescTable                            0x08004670   Data           8  system_stm32f4xx.o(.constdata)
    Region$$Table$$Base                      0x08004678   Number         0  anon$$obj.o(Region$$Table)
    Region$$Table$$Limit                     0x08004698   Number         0  anon$$obj.o(Region$$Table)
    FS_Desc                                  0x20000000   Data          28  usbd_desc.o(.data)
    USBD_LangIDDesc                          0x2000001c   Data           4  usbd_desc.o(.data)
    USBD_FS_DeviceDesc                       0x20000020   Data          18  usbd_desc.o(.data)
    USBD_StringSerial                        0x20000034   Data          26  usbd_desc.o(.data)
    USBD_Interface_fops_FS                   0x20000050   Data          20  usbd_cdc_if.o(.data)
    uwTickFreq                               0x20000064   Data           1  stm32f4xx_hal.o(.data)
    uwTickPrio                               0x20000068   Data           4  stm32f4xx_hal.o(.data)
    uwTick                                   0x2000006c   Data           4  stm32f4xx_hal.o(.data)
    SystemCoreClock                          0x20000070   Data           4  system_stm32f4xx.o(.data)
    USBD_CDC                                 0x200000cc   Data          56  usbd_cdc.o(.data)
    hi2c1                                    0x20000110   Data          84  i2c.o(.bss)
    hUsbDeviceFS                             0x20000164   Data         732  usb_device.o(.bss)
    USBD_StrDesc                             0x20000440   Data         512  usbd_desc.o(.bss)
    UserRxBufferFS                           0x20000640   Data        2048  usbd_cdc_if.o(.bss)
    UserTxBufferFS                           0x20000e40   Data        2048  usbd_cdc_if.o(.bss)
    hpcd_USB_OTG_FS                          0x20001860   Data        1252  usbd_conf.o(.bss)
    __initial_sp                             0x20002148   Data           0  startup_stm32f411xe.o(STACK)



==============================================================================

Memory Map of the image

  Image Entry point : 0x08000199

  Load Region LR_IROM1 (Base: 0x08000000, Size: 0x000047a8, Max: 0x00080000, ABSOLUTE)

    Execution Region ER_IROM1 (Exec base: 0x08000000, Load base: 0x08000000, Size: 0x00004698, Max: 0x00080000, ABSOLUTE)

    Exec Addr    Load Addr    Size         Type   Attr      Idx    E Section Name        Object

    0x08000000   0x08000000   0x00000198   Data   RO            3    RESET               startup_stm32f411xe.o
    0x08000198   0x08000198   0x00000000   Code   RO         3594  * .ARM.Collect$$$$00000000  mc_w.l(entry.o)
    0x08000198   0x08000198   0x00000004   Code   RO         3862    .ARM.Collect$$$$00000001  mc_w.l(entry2.o)
    0x0800019c   0x0800019c   0x00000004   Code   RO         3865    .ARM.Collect$$$$00000004  mc_w.l(entry5.o)
    0x080001a0   0x080001a0   0x00000000   Code   RO         3867    .ARM.Collect$$$$00000008  mc_w.l(entry7b.o)
    0x080001a0   0x080001a0   0x00000000   Code   RO         3869    .ARM.Collect$$$$0000000A  mc_w.l(entry8b.o)
    0x080001a0   0x080001a0   0x00000008   Code   RO         3870    .ARM.Collect$$$$0000000B  mc_w.l(entry9a.o)
    0x080001a8   0x080001a8   0x00000004   Code   RO         3877    .ARM.Collect$$$$0000000E  mc_w.l(entry12b.o)
    0x080001ac   0x080001ac   0x00000000   Code   RO         3872    .ARM.Collect$$$$0000000F  mc_w.l(entry10a.o)
    0x080001ac   0x080001ac   0x00000000   Code   RO         3874    .ARM.Collect$$$$00000011  mc_w.l(entry11a.o)
    0x080001ac   0x080001ac   0x00000004   Code   RO         3863    .ARM.Collect$$$$00002712  mc_w.l(entry2.o)
    0x080001b0   0x080001b0   0x00000024   Code   RO            4    .text               startup_stm32f411xe.o
    0x080001d4   0x080001d4   0x00000062   Code   RO         3597    .text               mc_w.l(uldiv.o)
    0x08000236   0x08000236   0x00000024   Code   RO         3599    .text               mc_w.l(memseta.o)
    0x0800025a   0x0800025a   0x0000002c   Code   RO         3881    .text               mc_w.l(uidiv.o)
    0x08000286   0x08000286   0x0000001e   Code   RO         3883    .text               mc_w.l(llshl.o)
    0x080002a4   0x080002a4   0x00000020   Code   RO         3885    .text               mc_w.l(llushr.o)
    0x080002c4   0x080002c4   0x00000024   Code   RO         3898    .text               mc_w.l(init.o)
    0x080002e8   0x080002e8   0x00000002   Code   RO          267    i.BusFault_Handler  stm32f4xx_it.o
    0x080002ea   0x080002ea   0x00000004   Code   RO          490    i.CDC_Control_FS    usbd_cdc_if.o
    0x080002ee   0x080002ee   0x00000004   Code   RO          491    i.CDC_DeInit_FS     usbd_cdc_if.o
    0x080002f2   0x080002f2   0x00000002   PAD
    0x080002f4   0x080002f4   0x00000024   Code   RO          492    i.CDC_Init_FS       usbd_cdc_if.o
    0x08000318   0x08000318   0x00000018   Code   RO          493    i.CDC_Receive_FS    usbd_cdc_if.o
    0x08000330   0x08000330   0x00000004   Code   RO          494    i.CDC_TransmitCplt_FS  usbd_cdc_if.o
    0x08000334   0x08000334   0x0000002c   Code   RO          495    i.CDC_Transmit_FS   usbd_cdc_if.o
    0x08000360   0x08000360   0x00000002   Code   RO          268    i.DebugMon_Handler  stm32f4xx_it.o
    0x08000362   0x08000362   0x00000004   Code   RO           13    i.Error_Handler     main.o
    0x08000366   0x08000366   0x00000002   PAD
    0x08000368   0x08000368   0x00000024   Code   RO         2305    i.HAL_Delay         stm32f4xx_hal.o
    0x0800038c   0x0800038c   0x0000012c   Code   RO         1746    i.HAL_GPIO_DeInit   stm32f4xx_hal_gpio.o
    0x080004b8   0x080004b8   0x000001e0   Code   RO         1749    i.HAL_GPIO_Init     stm32f4xx_hal_gpio.o
    0x08000698   0x08000698   0x00000010   Code   RO         1752    i.HAL_GPIO_TogglePin  stm32f4xx_hal_gpio.o
    0x080006a8   0x080006a8   0x0000000a   Code   RO         1753    i.HAL_GPIO_WritePin  stm32f4xx_hal_gpio.o
    0x080006b2   0x080006b2   0x00000002   PAD
    0x080006b4   0x080006b4   0x0000000c   Code   RO         2311    i.HAL_GetTick       stm32f4xx_hal.o
    0x080006c0   0x080006c0   0x00000032   Code   RO         2558    i.HAL_I2C_DeInit    stm32f4xx_hal_i2c.o
    0x080006f2   0x080006f2   0x00000002   PAD
    0x080006f4   0x080006f4   0x00000188   Code   RO         2567    i.HAL_I2C_Init      stm32f4xx_hal_i2c.o
    0x0800087c   0x0800087c   0x000001f0   Code   RO         2573    i.HAL_I2C_Master_Receive  stm32f4xx_hal_i2c.o
    0x08000a6c   0x08000a6c   0x00000130   Code   RO         2588    i.HAL_I2C_Mem_Write  stm32f4xx_hal_i2c.o
    0x08000b9c   0x08000b9c   0x00000038   Code   RO          225    i.HAL_I2C_MspDeInit  i2c.o
    0x08000bd4   0x08000bd4   0x00000068   Code   RO          226    i.HAL_I2C_MspInit   i2c.o
    0x08000c3c   0x08000c3c   0x00000010   Code   RO         2317    i.HAL_IncTick       stm32f4xx_hal.o
    0x08000c4c   0x08000c4c   0x00000034   Code   RO         2318    i.HAL_Init          stm32f4xx_hal.o
    0x08000c80   0x08000c80   0x00000040   Code   RO         2319    i.HAL_InitTick      stm32f4xx_hal.o
    0x08000cc0   0x08000cc0   0x00000030   Code   RO          349    i.HAL_MspInit       stm32f4xx_hal_msp.o
    0x08000cf0   0x08000cf0   0x0000001a   Code   RO         2163    i.HAL_NVIC_EnableIRQ  stm32f4xx_hal_cortex.o
    0x08000d0a   0x08000d0a   0x00000002   PAD
    0x08000d0c   0x08000d0c   0x00000040   Code   RO         2169    i.HAL_NVIC_SetPriority  stm32f4xx_hal_cortex.o
    0x08000d4c   0x08000d4c   0x00000024   Code   RO         2170    i.HAL_NVIC_SetPriorityGrouping  stm32f4xx_hal_cortex.o
    0x08000d70   0x08000d70   0x00000002   Code   RO          993    i.HAL_PCDEx_LPM_Callback  stm32f4xx_hal_pcd_ex.o
    0x08000d72   0x08000d72   0x00000008   Code   RO          994    i.HAL_PCDEx_SetRxFiFo  stm32f4xx_hal_pcd_ex.o
    0x08000d7a   0x08000d7a   0x00000044   Code   RO          995    i.HAL_PCDEx_SetTxFiFo  stm32f4xx_hal_pcd_ex.o
    0x08000dbe   0x08000dbe   0x00000008   Code   RO          547    i.HAL_PCD_ConnectCallback  usbd_conf.o
    0x08000dc6   0x08000dc6   0x00000012   Code   RO          548    i.HAL_PCD_DataInStageCallback  usbd_conf.o
    0x08000dd8   0x08000dd8   0x00000014   Code   RO          549    i.HAL_PCD_DataOutStageCallback  usbd_conf.o
    0x08000dec   0x08000dec   0x00000008   Code   RO          550    i.HAL_PCD_DisconnectCallback  usbd_conf.o
    0x08000df4   0x08000df4   0x0000001e   Code   RO          763    i.HAL_PCD_EP_Abort  stm32f4xx_hal_pcd.o
    0x08000e12   0x08000e12   0x0000004a   Code   RO          764    i.HAL_PCD_EP_Close  stm32f4xx_hal_pcd.o
    0x08000e5c   0x08000e5c   0x0000005a   Code   RO          765    i.HAL_PCD_EP_ClrStall  stm32f4xx_hal_pcd.o
    0x08000eb6   0x08000eb6   0x00000012   Code   RO          767    i.HAL_PCD_EP_GetRxCount  stm32f4xx_hal_pcd.o
    0x08000ec8   0x08000ec8   0x0000005e   Code   RO          768    i.HAL_PCD_EP_Open   stm32f4xx_hal_pcd.o
    0x08000f26   0x08000f26   0x00000038   Code   RO          769    i.HAL_PCD_EP_Receive  stm32f4xx_hal_pcd.o
    0x08000f5e   0x08000f5e   0x00000072   Code   RO          770    i.HAL_PCD_EP_SetStall  stm32f4xx_hal_pcd.o
    0x08000fd0   0x08000fd0   0x00000032   Code   RO          771    i.HAL_PCD_EP_Transmit  stm32f4xx_hal_pcd.o
    0x08001002   0x08001002   0x00000002   PAD
    0x08001004   0x08001004   0x0000055c   Code   RO          773    i.HAL_PCD_IRQHandler  stm32f4xx_hal_pcd.o
    0x08001560   0x08001560   0x00000008   Code   RO          551    i.HAL_PCD_ISOINIncompleteCallback  usbd_conf.o
    0x08001568   0x08001568   0x00000008   Code   RO          552    i.HAL_PCD_ISOOUTIncompleteCallback  usbd_conf.o
    0x08001570   0x08001570   0x000000cc   Code   RO          776    i.HAL_PCD_Init      stm32f4xx_hal_pcd.o
    0x0800163c   0x0800163c   0x00000084   Code   RO          554    i.HAL_PCD_MspInit   usbd_conf.o
    0x080016c0   0x080016c0   0x00000026   Code   RO          555    i.HAL_PCD_ResetCallback  usbd_conf.o
    0x080016e6   0x080016e6   0x00000008   Code   RO          556    i.HAL_PCD_ResumeCallback  usbd_conf.o
    0x080016ee   0x080016ee   0x00000008   Code   RO          557    i.HAL_PCD_SOFCallback  usbd_conf.o
    0x080016f6   0x080016f6   0x00000026   Code   RO          782    i.HAL_PCD_SetAddress  stm32f4xx_hal_pcd.o
    0x0800171c   0x0800171c   0x0000000e   Code   RO          558    i.HAL_PCD_SetupStageCallback  usbd_conf.o
    0x0800172a   0x0800172a   0x00000042   Code   RO          785    i.HAL_PCD_Start     stm32f4xx_hal_pcd.o
    0x0800176c   0x0800176c   0x00000030   Code   RO          559    i.HAL_PCD_SuspendCallback  usbd_conf.o
    0x0800179c   0x0800179c   0x00000134   Code   RO         1341    i.HAL_RCC_ClockConfig  stm32f4xx_hal_rcc.o
    0x080018d0   0x080018d0   0x0000000c   Code   RO         1346    i.HAL_RCC_GetHCLKFreq  stm32f4xx_hal_rcc.o
    0x080018dc   0x080018dc   0x00000020   Code   RO         1348    i.HAL_RCC_GetPCLK1Freq  stm32f4xx_hal_rcc.o
    0x080018fc   0x080018fc   0x00000064   Code   RO         1350    i.HAL_RCC_GetSysClockFreq  stm32f4xx_hal_rcc.o
    0x08001960   0x08001960   0x0000036c   Code   RO         1353    i.HAL_RCC_OscConfig  stm32f4xx_hal_rcc.o
    0x08001ccc   0x08001ccc   0x00000028   Code   RO         2174    i.HAL_SYSTICK_Config  stm32f4xx_hal_cortex.o
    0x08001cf4   0x08001cf4   0x00000002   Code   RO          269    i.HardFault_Handler  stm32f4xx_it.o
    0x08001cf6   0x08001cf6   0x00000002   PAD
    0x08001cf8   0x08001cf8   0x00000068   Code   RO         3543    i.I2C_Error_Check   aht.o
    0x08001d60   0x08001d60   0x0000002e   Code   RO         2610    i.I2C_IsAcknowledgeFailed  stm32f4xx_hal_i2c.o
    0x08001d8e   0x08001d8e   0x00000002   PAD
    0x08001d90   0x08001d90   0x000000ec   Code   RO         2613    i.I2C_MasterRequestRead  stm32f4xx_hal_i2c.o
    0x08001e7c   0x08001e7c   0x000000a8   Code   RO         2621    i.I2C_RequestMemoryWrite  stm32f4xx_hal_i2c.o
    0x08001f24   0x08001f24   0x00000056   Code   RO         2625    i.I2C_WaitOnBTFFlagUntilTimeout  stm32f4xx_hal_i2c.o
    0x08001f7a   0x08001f7a   0x00000002   PAD
    0x08001f7c   0x08001f7c   0x00000090   Code   RO         2626    i.I2C_WaitOnFlagUntilTimeout  stm32f4xx_hal_i2c.o
    0x0800200c   0x0800200c   0x000000bc   Code   RO         2627    i.I2C_WaitOnMasterAddressFlagUntilTimeout  stm32f4xx_hal_i2c.o
    0x080020c8   0x080020c8   0x00000070   Code   RO         2628    i.I2C_WaitOnRXNEFlagUntilTimeout  stm32f4xx_hal_i2c.o
    0x08002138   0x08002138   0x00000056   Code   RO         2629    i.I2C_WaitOnTXEFlagUntilTimeout  stm32f4xx_hal_i2c.o
    0x0800218e   0x0800218e   0x00000002   PAD
    0x08002190   0x08002190   0x00000038   Code   RO          404    i.IntToUnicode      usbd_desc.o
    0x080021c8   0x080021c8   0x0000003c   Code   RO          201    i.MX_GPIO_Init      gpio.o
    0x08002204   0x08002204   0x00000040   Code   RO          227    i.MX_I2C1_Init      i2c.o
    0x08002244   0x08002244   0x00000054   Code   RO          373    i.MX_USB_DEVICE_Init  usb_device.o
    0x08002298   0x08002298   0x00000002   Code   RO          270    i.MemManage_Handler  stm32f4xx_it.o
    0x0800229a   0x0800229a   0x00000002   Code   RO          271    i.NMI_Handler       stm32f4xx_it.o
    0x0800229c   0x0800229c   0x0000000c   Code   RO          272    i.OTG_FS_IRQHandler  stm32f4xx_it.o
    0x080022a8   0x080022a8   0x000000cc   Code   RO          789    i.PCD_EP_OutXfrComplete_int  stm32f4xx_hal_pcd.o
    0x08002374   0x08002374   0x000000a2   Code   RO          790    i.PCD_WriteEmptyTxFifo  stm32f4xx_hal_pcd.o
    0x08002416   0x08002416   0x00000002   Code   RO          273    i.PendSV_Handler    stm32f4xx_it.o
    0x08002418   0x08002418   0x00000002   Code   RO          274    i.SVC_Handler       stm32f4xx_it.o
    0x0800241a   0x0800241a   0x0000000a   Code   RO         3256    i.SWAPBYTE          usbd_ctlreq.o
    0x08002424   0x08002424   0x00000004   Code   RO          275    i.SysTick_Handler   stm32f4xx_it.o
    0x08002428   0x08002428   0x00000090   Code   RO           14    i.SystemClock_Config  main.o
    0x080024b8   0x080024b8   0x00000010   Code   RO         3060    i.SystemInit        system_stm32f4xx.o
    0x080024c8   0x080024c8   0x00000076   Code   RO         3389    i.USBD_CDC_DataIn   usbd_cdc.o
    0x0800253e   0x0800253e   0x0000003c   Code   RO         3390    i.USBD_CDC_DataOut  usbd_cdc.o
    0x0800257a   0x0800257a   0x00000002   PAD
    0x0800257c   0x0800257c   0x00000090   Code   RO         3391    i.USBD_CDC_DeInit   usbd_cdc.o
    0x0800260c   0x0800260c   0x00000036   Code   RO         3392    i.USBD_CDC_EP0_RxReady  usbd_cdc.o
    0x08002642   0x08002642   0x00000002   PAD
    0x08002644   0x08002644   0x0000000c   Code   RO         3393    i.USBD_CDC_GetDeviceQualifierDescriptor  usbd_cdc.o
    0x08002650   0x08002650   0x0000003c   Code   RO         3394    i.USBD_CDC_GetFSCfgDesc  usbd_cdc.o
    0x0800268c   0x0800268c   0x00000040   Code   RO         3395    i.USBD_CDC_GetHSCfgDesc  usbd_cdc.o
    0x080026cc   0x080026cc   0x0000003c   Code   RO         3396    i.USBD_CDC_GetOtherSpeedCfgDesc  usbd_cdc.o
    0x08002708   0x08002708   0x00000118   Code   RO         3397    i.USBD_CDC_Init     usbd_cdc.o
    0x08002820   0x08002820   0x00000038   Code   RO         3398    i.USBD_CDC_ReceivePacket  usbd_cdc.o
    0x08002858   0x08002858   0x00000016   Code   RO         3399    i.USBD_CDC_RegisterInterface  usbd_cdc.o
    0x0800286e   0x0800286e   0x0000001a   Code   RO         3400    i.USBD_CDC_SetRxBuffer  usbd_cdc.o
    0x08002888   0x08002888   0x0000001e   Code   RO         3401    i.USBD_CDC_SetTxBuffer  usbd_cdc.o
    0x080028a6   0x080028a6   0x000000d4   Code   RO         3402    i.USBD_CDC_Setup    usbd_cdc.o
    0x0800297a   0x0800297a   0x00000002   PAD
    0x0800297c   0x0800297c   0x00000050   Code   RO         3403    i.USBD_CDC_TransmitPacket  usbd_cdc.o
    0x080029cc   0x080029cc   0x00000014   Code   RO         3097    i.USBD_ClrClassConfig  usbd_core.o
    0x080029e0   0x080029e0   0x00000004   Code   RO         3098    i.USBD_CoreFindEP   usbd_core.o
    0x080029e4   0x080029e4   0x00000004   Code   RO         3099    i.USBD_CoreFindIF   usbd_core.o
    0x080029e8   0x080029e8   0x00000010   Code   RO         3329    i.USBD_CtlContinueRx  usbd_ioreq.o
    0x080029f8   0x080029f8   0x00000010   Code   RO         3330    i.USBD_CtlContinueSendData  usbd_ioreq.o
    0x08002a08   0x08002a08   0x00000016   Code   RO         3257    i.USBD_CtlError     usbd_ctlreq.o
    0x08002a1e   0x08002a1e   0x0000001e   Code   RO         3331    i.USBD_CtlPrepareRx  usbd_ioreq.o
    0x08002a3c   0x08002a3c   0x00000016   Code   RO         3332    i.USBD_CtlReceiveStatus  usbd_ioreq.o
    0x08002a52   0x08002a52   0x0000001a   Code   RO         3333    i.USBD_CtlSendData  usbd_ioreq.o
    0x08002a6c   0x08002a6c   0x00000016   Code   RO         3334    i.USBD_CtlSendStatus  usbd_ioreq.o
    0x08002a82   0x08002a82   0x00000002   PAD
    0x08002a84   0x08002a84   0x00000020   Code   RO          405    i.USBD_FS_ConfigStrDescriptor  usbd_desc.o
    0x08002aa4   0x08002aa4   0x0000000c   Code   RO          406    i.USBD_FS_DeviceDescriptor  usbd_desc.o
    0x08002ab0   0x08002ab0   0x00000024   Code   RO          407    i.USBD_FS_InterfaceStrDescriptor  usbd_desc.o
    0x08002ad4   0x08002ad4   0x0000000c   Code   RO          408    i.USBD_FS_LangIDStrDescriptor  usbd_desc.o
    0x08002ae0   0x08002ae0   0x00000028   Code   RO          409    i.USBD_FS_ManufacturerStrDescriptor  usbd_desc.o
    0x08002b08   0x08002b08   0x0000002c   Code   RO          410    i.USBD_FS_ProductStrDescriptor  usbd_desc.o
    0x08002b34   0x08002b34   0x00000038   Code   RO          411    i.USBD_FS_SerialStrDescriptor  usbd_desc.o
    0x08002b6c   0x08002b6c   0x000000e6   Code   RO         3258    i.USBD_GetDescriptor  usbd_ctlreq.o
    0x08002c52   0x08002c52   0x0000003a   Code   RO         3101    i.USBD_GetEpDesc    usbd_core.o
    0x08002c8c   0x08002c8c   0x0000000e   Code   RO         3102    i.USBD_GetNextDesc  usbd_core.o
    0x08002c9a   0x08002c9a   0x00000048   Code   RO         3259    i.USBD_GetString    usbd_ctlreq.o
    0x08002ce2   0x08002ce2   0x00000018   Code   RO          560    i.USBD_Get_USB_Status  usbd_conf.o
    0x08002cfa   0x08002cfa   0x00000026   Code   RO         3103    i.USBD_Init         usbd_core.o
    0x08002d20   0x08002d20   0x00000012   Code   RO          561    i.USBD_LL_ClearStallEP  usbd_conf.o
    0x08002d32   0x08002d32   0x00000012   Code   RO          562    i.USBD_LL_CloseEP   usbd_conf.o
    0x08002d44   0x08002d44   0x000000b6   Code   RO         3104    i.USBD_LL_DataInStage  usbd_core.o
    0x08002dfa   0x08002dfa   0x0000008e   Code   RO         3105    i.USBD_LL_DataOutStage  usbd_core.o
    0x08002e88   0x08002e88   0x00000004   Code   RO         3106    i.USBD_LL_DevConnected  usbd_core.o
    0x08002e8c   0x08002e8c   0x0000001e   Code   RO         3107    i.USBD_LL_DevDisconnected  usbd_core.o
    0x08002eaa   0x08002eaa   0x00000008   Code   RO          566    i.USBD_LL_GetRxDataSize  usbd_conf.o
    0x08002eb2   0x08002eb2   0x00000002   PAD
    0x08002eb4   0x08002eb4   0x00000060   Code   RO          567    i.USBD_LL_Init      usbd_conf.o
    0x08002f14   0x08002f14   0x0000001e   Code   RO          568    i.USBD_LL_IsStallEP  usbd_conf.o
    0x08002f32   0x08002f32   0x00000028   Code   RO         3108    i.USBD_LL_IsoINIncomplete  usbd_core.o
    0x08002f5a   0x08002f5a   0x00000028   Code   RO         3109    i.USBD_LL_IsoOUTIncomplete  usbd_core.o
    0x08002f82   0x08002f82   0x00000018   Code   RO          569    i.USBD_LL_OpenEP    usbd_conf.o
    0x08002f9a   0x08002f9a   0x00000012   Code   RO          570    i.USBD_LL_PrepareReceive  usbd_conf.o
    0x08002fac   0x08002fac   0x0000005c   Code   RO         3110    i.USBD_LL_Reset     usbd_core.o
    0x08003008   0x08003008   0x00000014   Code   RO         3111    i.USBD_LL_Resume    usbd_core.o
    0x0800301c   0x0800301c   0x0000001a   Code   RO         3112    i.USBD_LL_SOF       usbd_core.o
    0x08003036   0x08003036   0x00000006   Code   RO         3113    i.USBD_LL_SetSpeed  usbd_core.o
    0x0800303c   0x0800303c   0x00000012   Code   RO          571    i.USBD_LL_SetUSBAddress  usbd_conf.o
    0x0800304e   0x0800304e   0x00000060   Code   RO         3114    i.USBD_LL_SetupStage  usbd_core.o
    0x080030ae   0x080030ae   0x00000012   Code   RO          572    i.USBD_LL_StallEP   usbd_conf.o
    0x080030c0   0x080030c0   0x00000012   Code   RO          573    i.USBD_LL_Start     usbd_conf.o
    0x080030d2   0x080030d2   0x0000001a   Code   RO         3115    i.USBD_LL_Suspend   usbd_core.o
    0x080030ec   0x080030ec   0x00000012   Code   RO          575    i.USBD_LL_Transmit  usbd_conf.o
    0x080030fe   0x080030fe   0x0000002c   Code   RO         3260    i.USBD_ParseSetupRequest  usbd_ctlreq.o
    0x0800312a   0x0800312a   0x0000003a   Code   RO         3116    i.USBD_RegisterClass  usbd_core.o
    0x08003164   0x08003164   0x00000014   Code   RO         3118    i.USBD_SetClassConfig  usbd_core.o
    0x08003178   0x08003178   0x000000b8   Code   RO         3261    i.USBD_SetConfig    usbd_ctlreq.o
    0x08003230   0x08003230   0x00000004   Code   RO         3119    i.USBD_Start        usbd_core.o
    0x08003234   0x08003234   0x0000012c   Code   RO         3262    i.USBD_StdDevReq    usbd_ctlreq.o
    0x08003360   0x08003360   0x00000160   Code   RO         3263    i.USBD_StdEPReq     usbd_ctlreq.o
    0x080034c0   0x080034c0   0x00000072   Code   RO         3264    i.USBD_StdItfReq    usbd_ctlreq.o
    0x08003532   0x08003532   0x00000002   Code   RO          576    i.USBD_static_free  usbd_conf.o
    0x08003534   0x08003534   0x00000008   Code   RO          577    i.USBD_static_malloc  usbd_conf.o
    0x0800353c   0x0800353c   0x00000080   Code   RO         1035    i.USB_ActivateEndpoint  stm32f4xx_ll_usb.o
    0x080035bc   0x080035bc   0x0000001c   Code   RO         1037    i.USB_ActivateSetup  stm32f4xx_ll_usb.o
    0x080035d8   0x080035d8   0x00000084   Code   RO         1039    i.USB_CoreInit      stm32f4xx_ll_usb.o
    0x0800365c   0x0800365c   0x0000003c   Code   RO         1040    i.USB_CoreReset     stm32f4xx_ll_usb.o
    0x08003698   0x08003698   0x000000cc   Code   RO         1043    i.USB_DeactivateEndpoint  stm32f4xx_ll_usb.o
    0x08003764   0x08003764   0x0000001c   Code   RO         1044    i.USB_DevConnect    stm32f4xx_ll_usb.o
    0x08003780   0x08003780   0x0000001c   Code   RO         1045    i.USB_DevDisconnect  stm32f4xx_ll_usb.o
    0x0800379c   0x0800379c   0x0000017c   Code   RO         1046    i.USB_DevInit       stm32f4xx_ll_usb.o
    0x08003918   0x08003918   0x0000000c   Code   RO         1047    i.USB_DisableGlobalInt  stm32f4xx_ll_usb.o
    0x08003924   0x08003924   0x00000058   Code   RO         1050    i.USB_EP0_OutStart  stm32f4xx_ll_usb.o
    0x0800397c   0x0800397c   0x00000058   Code   RO         1051    i.USB_EPClearStall  stm32f4xx_ll_usb.o
    0x080039d4   0x080039d4   0x00000058   Code   RO         1052    i.USB_EPSetStall    stm32f4xx_ll_usb.o
    0x08003a2c   0x08003a2c   0x00000230   Code   RO         1053    i.USB_EPStartXfer   stm32f4xx_ll_usb.o
    0x08003c5c   0x08003c5c   0x0000009e   Code   RO         1054    i.USB_EPStopXfer    stm32f4xx_ll_usb.o
    0x08003cfa   0x08003cfa   0x0000000c   Code   RO         1055    i.USB_EnableGlobalInt  stm32f4xx_ll_usb.o
    0x08003d06   0x08003d06   0x00000038   Code   RO         1056    i.USB_FlushRxFifo   stm32f4xx_ll_usb.o
    0x08003d3e   0x08003d3e   0x0000003c   Code   RO         1057    i.USB_FlushTxFifo   stm32f4xx_ll_usb.o
    0x08003d7a   0x08003d7a   0x0000001a   Code   RO         1059    i.USB_GetDevSpeed   stm32f4xx_ll_usb.o
    0x08003d94   0x08003d94   0x00000008   Code   RO         1061    i.USB_GetMode       stm32f4xx_ll_usb.o
    0x08003d9c   0x08003d9c   0x0000000e   Code   RO         1069    i.USB_ReadDevAllInEpInterrupt  stm32f4xx_ll_usb.o
    0x08003daa   0x08003daa   0x0000000e   Code   RO         1070    i.USB_ReadDevAllOutEpInterrupt  stm32f4xx_ll_usb.o
    0x08003db8   0x08003db8   0x00000024   Code   RO         1071    i.USB_ReadDevInEPInterrupt  stm32f4xx_ll_usb.o
    0x08003ddc   0x08003ddc   0x00000010   Code   RO         1072    i.USB_ReadDevOutEPInterrupt  stm32f4xx_ll_usb.o
    0x08003dec   0x08003dec   0x00000008   Code   RO         1073    i.USB_ReadInterrupts  stm32f4xx_ll_usb.o
    0x08003df4   0x08003df4   0x0000003e   Code   RO         1074    i.USB_ReadPacket    stm32f4xx_ll_usb.o
    0x08003e32   0x08003e32   0x0000005c   Code   RO         1076    i.USB_SetCurrentMode  stm32f4xx_ll_usb.o
    0x08003e8e   0x08003e8e   0x00000022   Code   RO         1077    i.USB_SetDevAddress  stm32f4xx_ll_usb.o
    0x08003eb0   0x08003eb0   0x000000e8   Code   RO         1079    i.USB_SetTurnaroundTime  stm32f4xx_ll_usb.o
    0x08003f98   0x08003f98   0x00000028   Code   RO         1082    i.USB_WritePacket   stm32f4xx_ll_usb.o
    0x08003fc0   0x08003fc0   0x00000002   Code   RO          276    i.UsageFault_Handler  stm32f4xx_it.o
    0x08003fc2   0x08003fc2   0x00000002   PAD
    0x08003fc4   0x08003fc4   0x00000028   Code   RO         3758    i.__0sprintf$6      mc_w.l(printf6.o)
    0x08003fec   0x08003fec   0x00000020   Code   RO         2176    i.__NVIC_SetPriority  stm32f4xx_hal_cortex.o
    0x0800400c   0x0800400c   0x0000000e   Code   RO         3908    i.__scatterload_copy  mc_w.l(handlers.o)
    0x0800401a   0x0800401a   0x00000002   Code   RO         3909    i.__scatterload_null  mc_w.l(handlers.o)
    0x0800401c   0x0800401c   0x0000000e   Code   RO         3910    i.__scatterload_zeroinit  mc_w.l(handlers.o)
    0x0800402a   0x0800402a   0x00000002   PAD
    0x0800402c   0x0800402c   0x000002f0   Code   RO         3763    i._printf_core      mc_w.l(printf6.o)
    0x0800431c   0x0800431c   0x00000024   Code   RO         3764    i._printf_post_padding  mc_w.l(printf6.o)
    0x08004340   0x08004340   0x0000002e   Code   RO         3765    i._printf_pre_padding  mc_w.l(printf6.o)
    0x0800436e   0x0800436e   0x0000000a   Code   RO         3767    i._sputc            mc_w.l(printf6.o)
    0x08004378   0x08004378   0x0000000c   Code   RO         3544    i.aht_get_humidness  aht.o
    0x08004384   0x08004384   0x00000108   Code   RO         3545    i.aht_get_result    aht.o
    0x0800448c   0x0800448c   0x0000000c   Code   RO         3546    i.aht_get_temperature  aht.o
    0x08004498   0x08004498   0x00000010   Code   RO         3547    i.aht_init          aht.o
    0x080044a8   0x080044a8   0x00000068   Code   RO         3548    i.aht_run_loop      aht.o
    0x08004510   0x08004510   0x00000040   Code   RO         3496    i.board_button_init  board.o
    0x08004550   0x08004550   0x0000004c   Code   RO         3497    i.board_led_init    board.o
    0x0800459c   0x0800459c   0x00000010   Code   RO         3499    i.board_led_toggle  board.o
    0x080045ac   0x080045ac   0x000000b4   Code   RO           15    i.main              main.o
    0x08004660   0x08004660   0x00000010   Data   RO         3061    .constdata          system_stm32f4xx.o
    0x08004670   0x08004670   0x00000008   Data   RO         3062    .constdata          system_stm32f4xx.o
    0x08004678   0x08004678   0x00000020   Data   RO         3906    Region$$Table       anon$$obj.o


    Execution Region RW_IRAM1 (Exec base: 0x20000000, Load base: 0x08004698, Size: 0x00002148, Max: 0x00020000, ABSOLUTE)

    Exec Addr    Load Addr    Size         Type   Attr      Idx    E Section Name        Object

    0x20000000   0x08004698   0x0000001c   Data   RW          413    .data               usbd_desc.o
    0x2000001c   0x080046b4   0x00000032   Data   RW          414    .data               usbd_desc.o
    0x2000004e   0x080046e6   0x00000002   PAD
    0x20000050   0x080046e8   0x00000014   Data   RW          497    .data               usbd_cdc_if.o
    0x20000064   0x080046fc   0x0000000c   Data   RW         2325    .data               stm32f4xx_hal.o
    0x20000070   0x08004708   0x00000004   Data   RW         3063    .data               system_stm32f4xx.o
    0x20000074   0x0800470c   0x00000001   Data   RW         3265    .data               usbd_ctlreq.o
    0x20000075   0x0800470d   0x00000003   PAD
    0x20000078   0x08004710   0x00000053   Data   RW         3404    .data               usbd_cdc.o
    0x200000cb   0x08004763   0x00000001   PAD
    0x200000cc   0x08004764   0x00000038   Data   RW         3405    .data               usbd_cdc.o
    0x20000104   0x0800479c   0x0000000c   Data   RW         3549    .data               aht.o
    0x20000110        -       0x00000054   Zero   RW          228    .bss                i2c.o
    0x20000164        -       0x000002dc   Zero   RW          374    .bss                usb_device.o
    0x20000440        -       0x00000200   Zero   RW          412    .bss                usbd_desc.o
    0x20000640        -       0x00001000   Zero   RW          496    .bss                usbd_cdc_if.o
    0x20001640        -       0x00000704   Zero   RW          578    .bss                usbd_conf.o
    0x20001d44   0x080047a8   0x00000004   PAD
    0x20001d48        -       0x00000400   Zero   RW            1    STACK               startup_stm32f411xe.o


==============================================================================

Image component sizes


      Code (inc. data)   RO Data    RW Data    ZI Data      Debug   Object Name

       512         44          0         12          0       5324   aht.o
       156         24          0          0          0       2124   board.o
        60          6          0          0          0        975   gpio.o
       224         38          0          0         84       2597   i2c.o
       328         56          0          0          0     404955   main.o
        36          8        408          0       1024        904   startup_stm32f411xe.o
       180         28          0         12          0       9825   stm32f4xx_hal.o
       198         14          0          0          0      34247   stm32f4xx_hal_cortex.o
       806         62          0          0          0       4071   stm32f4xx_hal_gpio.o
      2308         52          0          0          0      14673   stm32f4xx_hal_i2c.o
        48          6          0          0          0        994   stm32f4xx_hal_msp.o
      2572         12          0          0          0      14588   stm32f4xx_hal_pcd.o
        78          0          0          0          0       2681   stm32f4xx_hal_pcd_ex.o
      1328         70          0          0          0       5537   stm32f4xx_hal_rcc.o
        32          6          0          0          0       5326   stm32f4xx_it.o
      2692        116          0          0          0      25181   stm32f4xx_ll_usb.o
        16          4         24          4          0       1331   system_stm32f4xx.o
        84         18          0          0        732        948   usb_device.o
      1278         36          0        139          0      15633   usbd_cdc.o
       116         22          0         20       4096       4468   usbd_cdc_if.o
       636         24          0          0       1796      18716   usbd_conf.o
       924          0          0          0          0      16979   usbd_core.o
      1328         28          0          1          0      15648   usbd_ctlreq.o
       288        104          0         78        512       6873   usbd_desc.o
       132          0          0          0          0       5012   usbd_ioreq.o

    ----------------------------------------------------------------------
     16392        778        464        272       8248     619610   Object Totals
         0          0         32          0          0          0   (incl. Generated)
        32          0          0          6          4          0   (incl. Padding)

    ----------------------------------------------------------------------

      Code (inc. data)   RO Data    RW Data    ZI Data      Debug   Library Member Name

         0          0          0          0          0          0   entry.o
         0          0          0          0          0          0   entry10a.o
         0          0          0          0          0          0   entry11a.o
         4          0          0          0          0          0   entry12b.o
         8          4          0          0          0          0   entry2.o
         4          0          0          0          0          0   entry5.o
         0          0          0          0          0          0   entry7b.o
         0          0          0          0          0          0   entry8b.o
         8          4          0          0          0          0   entry9a.o
        30          0          0          0          0          0   handlers.o
        36          8          0          0          0         68   init.o
        30          0          0          0          0         68   llshl.o
        32          0          0          0          0         68   llushr.o
        36          0          0          0          0        108   memseta.o
       884         10          0          0          0        420   printf6.o
        44          0          0          0          0         80   uidiv.o
        98          0          0          0          0         92   uldiv.o

    ----------------------------------------------------------------------
      1216         26          0          0          0        904   Library Totals
         2          0          0          0          0          0   (incl. Padding)

    ----------------------------------------------------------------------

      Code (inc. data)   RO Data    RW Data    ZI Data      Debug   Library Name

      1214         26          0          0          0        904   mc_w.l

    ----------------------------------------------------------------------
      1216         26          0          0          0        904   Library Totals

    ----------------------------------------------------------------------

==============================================================================


      Code (inc. data)   RO Data    RW Data    ZI Data      Debug   

     17608        804        464        272       8248     601402   Grand Totals
     17608        804        464        272       8248     601402   ELF Image Totals
     17608        804        464        272          0          0   ROM Totals

==============================================================================

    Total RO  Size (Code + RO Data)                18072 (  17.65kB)
    Total RW  Size (RW Data + ZI Data)              8520 (   8.32kB)
    Total ROM Size (Code + RO Data + RW Data)      18344 (  17.91kB)

==============================================================================

